🚀 Day 129: Building Structured Logging Helpers System
============================================================
📁 Creating project structure...
✅ Project structure created
📦 Requirements file created
🐍 Virtual environment created and activated
Requirement already satisfied: pip in ./venv/lib/python3.12/site-packages (24.0)
Collecting pip
  Using cached pip-25.3-py3-none-any.whl.metadata (4.7 kB)
Using cached pip-25.3-py3-none-any.whl (1.8 MB)
Installing collected packages: pip
  Attempting uninstall: pip
    Found existing installation: pip 24.0
    Uninstalling pip-24.0:
      Successfully uninstalled pip-24.0
Successfully installed pip-25.3
Collecting fastapi==0.104.1 (from -r requirements.txt (line 1))
  Downloading fastapi-0.104.1-py3-none-any.whl.metadata (24 kB)
Collecting uvicorn==0.24.0 (from -r requirements.txt (line 2))
  Downloading uvicorn-0.24.0-py3-none-any.whl.metadata (6.4 kB)
Collecting pydantic==2.5.0 (from -r requirements.txt (line 3))
  Downloading pydantic-2.5.0-py3-none-any.whl.metadata (174 kB)
Collecting jsonschema==4.20.0 (from -r requirements.txt (line 4))
  Downloading jsonschema-4.20.0-py3-none-any.whl.metadata (8.1 kB)
Collecting structlog==23.2.0 (from -r requirements.txt (line 5))
  Downloading structlog-23.2.0-py3-none-any.whl.metadata (7.6 kB)
Collecting python-multipart==0.0.6 (from -r requirements.txt (line 6))
  Downloading python_multipart-0.0.6-py3-none-any.whl.metadata (2.5 kB)
Collecting aiofiles==23.2.1 (from -r requirements.txt (line 7))
  Downloading aiofiles-23.2.1-py3-none-any.whl.metadata (9.7 kB)
Collecting pytest==7.4.3 (from -r requirements.txt (line 8))
  Downloading pytest-7.4.3-py3-none-any.whl.metadata (7.9 kB)
Collecting pytest-asyncio==0.21.1 (from -r requirements.txt (line 9))
  Downloading pytest_asyncio-0.21.1-py3-none-any.whl.metadata (4.0 kB)
Collecting pytest-cov==4.1.0 (from -r requirements.txt (line 10))
  Downloading pytest_cov-4.1.0-py3-none-any.whl.metadata (26 kB)
Collecting requests==2.31.0 (from -r requirements.txt (line 11))
  Using cached requests-2.31.0-py3-none-any.whl.metadata (4.6 kB)
Collecting websockets==12.0 (from -r requirements.txt (line 12))
  Using cached websockets-12.0-cp312-cp312-manylinux_2_5_x86_64.manylinux1_x86_64.manylinux_2_17_x86_64.manylinux2014_x86_64.whl.metadata (6.6 kB)
Collecting jinja2==3.1.2 (from -r requirements.txt (line 13))
  Downloading Jinja2-3.1.2-py3-none-any.whl.metadata (3.5 kB)
Collecting typing-extensions==4.8.0 (from -r requirements.txt (line 14))
  Downloading typing_extensions-4.8.0-py3-none-any.whl.metadata (3.0 kB)
Collecting anyio<4.0.0,>=3.7.1 (from fastapi==0.104.1->-r requirements.txt (line 1))
  Downloading anyio-3.7.1-py3-none-any.whl.metadata (4.7 kB)
Collecting starlette<0.28.0,>=0.27.0 (from fastapi==0.104.1->-r requirements.txt (line 1))
  Downloading starlette-0.27.0-py3-none-any.whl.metadata (5.8 kB)
Collecting annotated-types>=0.4.0 (from pydantic==2.5.0->-r requirements.txt (line 3))
  Using cached annotated_types-0.7.0-py3-none-any.whl.metadata (15 kB)
Collecting pydantic-core==2.14.1 (from pydantic==2.5.0->-r requirements.txt (line 3))
  Downloading pydantic_core-2.14.1-cp312-cp312-manylinux_2_17_x86_64.manylinux2014_x86_64.whl.metadata (6.5 kB)
Collecting click>=7.0 (from uvicorn==0.24.0->-r requirements.txt (line 2))
  Using cached click-8.3.0-py3-none-any.whl.metadata (2.6 kB)
Collecting h11>=0.8 (from uvicorn==0.24.0->-r requirements.txt (line 2))
  Using cached h11-0.16.0-py3-none-any.whl.metadata (8.3 kB)
Collecting attrs>=22.2.0 (from jsonschema==4.20.0->-r requirements.txt (line 4))
  Using cached attrs-25.4.0-py3-none-any.whl.metadata (10 kB)
Collecting jsonschema-specifications>=2023.03.6 (from jsonschema==4.20.0->-r requirements.txt (line 4))
  Downloading jsonschema_specifications-2025.9.1-py3-none-any.whl.metadata (2.9 kB)
Collecting referencing>=0.28.4 (from jsonschema==4.20.0->-r requirements.txt (line 4))
  Downloading referencing-0.37.0-py3-none-any.whl.metadata (2.8 kB)
Collecting rpds-py>=0.7.1 (from jsonschema==4.20.0->-r requirements.txt (line 4))
  Downloading rpds_py-0.28.0-cp312-cp312-manylinux_2_17_x86_64.manylinux2014_x86_64.whl.metadata (4.1 kB)
Collecting iniconfig (from pytest==7.4.3->-r requirements.txt (line 8))
  Using cached iniconfig-2.3.0-py3-none-any.whl.metadata (2.5 kB)
Collecting packaging (from pytest==7.4.3->-r requirements.txt (line 8))
  Using cached packaging-25.0-py3-none-any.whl.metadata (3.3 kB)
Collecting pluggy<2.0,>=0.12 (from pytest==7.4.3->-r requirements.txt (line 8))
  Using cached pluggy-1.6.0-py3-none-any.whl.metadata (4.8 kB)
Collecting coverage>=5.2.1 (from coverage[toml]>=5.2.1->pytest-cov==4.1.0->-r requirements.txt (line 10))
  Downloading coverage-7.11.3-cp312-cp312-manylinux1_x86_64.manylinux_2_28_x86_64.manylinux_2_5_x86_64.whl.metadata (9.1 kB)
Collecting charset-normalizer<4,>=2 (from requests==2.31.0->-r requirements.txt (line 11))
  Using cached charset_normalizer-3.4.4-cp312-cp312-manylinux2014_x86_64.manylinux_2_17_x86_64.manylinux_2_28_x86_64.whl.metadata (37 kB)
Collecting idna<4,>=2.5 (from requests==2.31.0->-r requirements.txt (line 11))
  Using cached idna-3.11-py3-none-any.whl.metadata (8.4 kB)
Collecting urllib3<3,>=1.21.1 (from requests==2.31.0->-r requirements.txt (line 11))
  Using cached urllib3-2.5.0-py3-none-any.whl.metadata (6.5 kB)
Collecting certifi>=2017.4.17 (from requests==2.31.0->-r requirements.txt (line 11))
  Using cached certifi-2025.11.12-py3-none-any.whl.metadata (2.5 kB)
Collecting MarkupSafe>=2.0 (from jinja2==3.1.2->-r requirements.txt (line 13))
  Using cached markupsafe-3.0.3-cp312-cp312-manylinux2014_x86_64.manylinux_2_17_x86_64.manylinux_2_28_x86_64.whl.metadata (2.7 kB)
Collecting sniffio>=1.1 (from anyio<4.0.0,>=3.7.1->fastapi==0.104.1->-r requirements.txt (line 1))
  Using cached sniffio-1.3.1-py3-none-any.whl.metadata (3.9 kB)
Downloading fastapi-0.104.1-py3-none-any.whl (92 kB)
Downloading pydantic-2.5.0-py3-none-any.whl (407 kB)
Downloading uvicorn-0.24.0-py3-none-any.whl (59 kB)
Downloading jsonschema-4.20.0-py3-none-any.whl (84 kB)
Downloading structlog-23.2.0-py3-none-any.whl (62 kB)
Downloading python_multipart-0.0.6-py3-none-any.whl (45 kB)
Downloading aiofiles-23.2.1-py3-none-any.whl (15 kB)
Downloading pytest-7.4.3-py3-none-any.whl (325 kB)
Downloading pytest_asyncio-0.21.1-py3-none-any.whl (13 kB)
Downloading pytest_cov-4.1.0-py3-none-any.whl (21 kB)
Using cached requests-2.31.0-py3-none-any.whl (62 kB)
Using cached websockets-12.0-cp312-cp312-manylinux_2_5_x86_64.manylinux1_x86_64.manylinux_2_17_x86_64.manylinux2014_x86_64.whl (131 kB)
Downloading Jinja2-3.1.2-py3-none-any.whl (133 kB)
Downloading typing_extensions-4.8.0-py3-none-any.whl (31 kB)
Downloading pydantic_core-2.14.1-cp312-cp312-manylinux_2_17_x86_64.manylinux2014_x86_64.whl (2.1 MB)
   ━━━━━━━━━━━━━━━━━━━━━━━━━━━━━━━━━━━━━━━━ 2.1/2.1 MB 6.3 MB/s  0:00:00

Downloading anyio-3.7.1-py3-none-any.whl (80 kB)
Using cached charset_normalizer-3.4.4-cp312-cp312-manylinux2014_x86_64.manylinux_2_17_x86_64.manylinux_2_28_x86_64.whl (153 kB)
Using cached idna-3.11-py3-none-any.whl (71 kB)
Using cached pluggy-1.6.0-py3-none-any.whl (20 kB)
Downloading starlette-0.27.0-py3-none-any.whl (66 kB)
Using cached urllib3-2.5.0-py3-none-any.whl (129 kB)
Using cached annotated_types-0.7.0-py3-none-any.whl (13 kB)
Using cached attrs-25.4.0-py3-none-any.whl (67 kB)
Using cached certifi-2025.11.12-py3-none-any.whl (159 kB)
Using cached click-8.3.0-py3-none-any.whl (107 kB)
Downloading coverage-7.11.3-cp312-cp312-manylinux1_x86_64.manylinux_2_28_x86_64.manylinux_2_5_x86_64.whl (251 kB)
Using cached h11-0.16.0-py3-none-any.whl (37 kB)
Downloading jsonschema_specifications-2025.9.1-py3-none-any.whl (18 kB)
Using cached markupsafe-3.0.3-cp312-cp312-manylinux2014_x86_64.manylinux_2_17_x86_64.manylinux_2_28_x86_64.whl (22 kB)
Downloading referencing-0.37.0-py3-none-any.whl (26 kB)
Downloading rpds_py-0.28.0-cp312-cp312-manylinux_2_17_x86_64.manylinux2014_x86_64.whl (386 kB)
Using cached sniffio-1.3.1-py3-none-any.whl (10 kB)
Using cached iniconfig-2.3.0-py3-none-any.whl (7.5 kB)
Using cached packaging-25.0-py3-none-any.whl (66 kB)
Installing collected packages: websockets, urllib3, typing-extensions, structlog, sniffio, rpds-py, python-multipart, pluggy, packaging, MarkupSafe, iniconfig, idna, h11, coverage, click, charset-normalizer, certifi, attrs, annotated-types, aiofiles, uvicorn, requests, referencing, pytest, pydantic-core, jinja2, anyio, starlette, pytest-cov, pytest-asyncio, pydantic, jsonschema-specifications, jsonschema, fastapi


Successfully installed MarkupSafe-3.0.3 aiofiles-23.2.1 annotated-types-0.7.0 anyio-3.7.1 attrs-25.4.0 certifi-2025.11.12 charset-normalizer-3.4.4 click-8.3.0 coverage-7.11.3 fastapi-0.104.1 h11-0.16.0 idna-3.11 iniconfig-2.3.0 jinja2-3.1.2 jsonschema-4.20.0 jsonschema-specifications-2025.9.1 packaging-25.0 pluggy-1.6.0 pydantic-2.5.0 pydantic-core-2.14.1 pytest-7.4.3 pytest-asyncio-0.21.1 pytest-cov-4.1.0 python-multipart-0.0.6 referencing-0.37.0 requests-2.31.0 rpds-py-0.28.0 sniffio-1.3.1 starlette-0.27.0 structlog-23.2.0 typing-extensions-4.8.0 urllib3-2.5.0 uvicorn-0.24.0 websockets-12.0
📦 Dependencies installed
🔨 Running build process...
🔨 Building Structured Logging Helpers System
==============================================
📦 Installing dependencies...
Requirement already satisfied: pip in ./venv/lib/python3.12/site-packages (25.3)
Requirement already satisfied: fastapi==0.104.1 in ./venv/lib/python3.12/site-packages (from -r requirements.txt (line 1)) (0.104.1)
Requirement already satisfied: uvicorn==0.24.0 in ./venv/lib/python3.12/site-packages (from -r requirements.txt (line 2)) (0.24.0)
Requirement already satisfied: pydantic==2.5.0 in ./venv/lib/python3.12/site-packages (from -r requirements.txt (line 3)) (2.5.0)
Requirement already satisfied: jsonschema==4.20.0 in ./venv/lib/python3.12/site-packages (from -r requirements.txt (line 4)) (4.20.0)
Requirement already satisfied: structlog==23.2.0 in ./venv/lib/python3.12/site-packages (from -r requirements.txt (line 5)) (23.2.0)
Requirement already satisfied: python-multipart==0.0.6 in ./venv/lib/python3.12/site-packages (from -r requirements.txt (line 6)) (0.0.6)
Requirement already satisfied: aiofiles==23.2.1 in ./venv/lib/python3.12/site-packages (from -r requirements.txt (line 7)) (23.2.1)
Requirement already satisfied: pytest==7.4.3 in ./venv/lib/python3.12/site-packages (from -r requirements.txt (line 8)) (7.4.3)
Requirement already satisfied: pytest-asyncio==0.21.1 in ./venv/lib/python3.12/site-packages (from -r requirements.txt (line 9)) (0.21.1)
Requirement already satisfied: pytest-cov==4.1.0 in ./venv/lib/python3.12/site-packages (from -r requirements.txt (line 10)) (4.1.0)
Requirement already satisfied: requests==2.31.0 in ./venv/lib/python3.12/site-packages (from -r requirements.txt (line 11)) (2.31.0)
Requirement already satisfied: websockets==12.0 in ./venv/lib/python3.12/site-packages (from -r requirements.txt (line 12)) (12.0)
Requirement already satisfied: jinja2==3.1.2 in ./venv/lib/python3.12/site-packages (from -r requirements.txt (line 13)) (3.1.2)
Requirement already satisfied: typing-extensions==4.8.0 in ./venv/lib/python3.12/site-packages (from -r requirements.txt (line 14)) (4.8.0)
Requirement already satisfied: anyio<4.0.0,>=3.7.1 in ./venv/lib/python3.12/site-packages (from fastapi==0.104.1->-r requirements.txt (line 1)) (3.7.1)
Requirement already satisfied: starlette<0.28.0,>=0.27.0 in ./venv/lib/python3.12/site-packages (from fastapi==0.104.1->-r requirements.txt (line 1)) (0.27.0)
Requirement already satisfied: annotated-types>=0.4.0 in ./venv/lib/python3.12/site-packages (from pydantic==2.5.0->-r requirements.txt (line 3)) (0.7.0)
Requirement already satisfied: pydantic-core==2.14.1 in ./venv/lib/python3.12/site-packages (from pydantic==2.5.0->-r requirements.txt (line 3)) (2.14.1)
Requirement already satisfied: click>=7.0 in ./venv/lib/python3.12/site-packages (from uvicorn==0.24.0->-r requirements.txt (line 2)) (8.3.0)
Requirement already satisfied: h11>=0.8 in ./venv/lib/python3.12/site-packages (from uvicorn==0.24.0->-r requirements.txt (line 2)) (0.16.0)
Requirement already satisfied: attrs>=22.2.0 in ./venv/lib/python3.12/site-packages (from jsonschema==4.20.0->-r requirements.txt (line 4)) (25.4.0)
Requirement already satisfied: jsonschema-specifications>=2023.03.6 in ./venv/lib/python3.12/site-packages (from jsonschema==4.20.0->-r requirements.txt (line 4)) (2025.9.1)
Requirement already satisfied: referencing>=0.28.4 in ./venv/lib/python3.12/site-packages (from jsonschema==4.20.0->-r requirements.txt (line 4)) (0.37.0)
Requirement already satisfied: rpds-py>=0.7.1 in ./venv/lib/python3.12/site-packages (from jsonschema==4.20.0->-r requirements.txt (line 4)) (0.28.0)
Requirement already satisfied: iniconfig in ./venv/lib/python3.12/site-packages (from pytest==7.4.3->-r requirements.txt (line 8)) (2.3.0)
Requirement already satisfied: packaging in ./venv/lib/python3.12/site-packages (from pytest==7.4.3->-r requirements.txt (line 8)) (25.0)
Requirement already satisfied: pluggy<2.0,>=0.12 in ./venv/lib/python3.12/site-packages (from pytest==7.4.3->-r requirements.txt (line 8)) (1.6.0)
Requirement already satisfied: coverage>=5.2.1 in ./venv/lib/python3.12/site-packages (from coverage[toml]>=5.2.1->pytest-cov==4.1.0->-r requirements.txt (line 10)) (7.11.3)
Requirement already satisfied: charset-normalizer<4,>=2 in ./venv/lib/python3.12/site-packages (from requests==2.31.0->-r requirements.txt (line 11)) (3.4.4)
Requirement already satisfied: idna<4,>=2.5 in ./venv/lib/python3.12/site-packages (from requests==2.31.0->-r requirements.txt (line 11)) (3.11)
Requirement already satisfied: urllib3<3,>=1.21.1 in ./venv/lib/python3.12/site-packages (from requests==2.31.0->-r requirements.txt (line 11)) (2.5.0)
Requirement already satisfied: certifi>=2017.4.17 in ./venv/lib/python3.12/site-packages (from requests==2.31.0->-r requirements.txt (line 11)) (2025.11.12)
Requirement already satisfied: MarkupSafe>=2.0 in ./venv/lib/python3.12/site-packages (from jinja2==3.1.2->-r requirements.txt (line 13)) (3.0.3)
Requirement already satisfied: sniffio>=1.1 in ./venv/lib/python3.12/site-packages (from anyio<4.0.0,>=3.7.1->fastapi==0.104.1->-r requirements.txt (line 1)) (1.3.1)
🧪 Running tests...
============================= test session starts ==============================
platform linux -- Python 3.12.3, pytest-7.4.3, pluggy-1.6.0 -- /home/systemdr/git/course/day129/structured-logging-helpers/venv/bin/python
cachedir: .pytest_cache
rootdir: /home/systemdr/git/course/day129/structured-logging-helpers
plugins: cov-4.1.0, asyncio-0.21.1, anyio-3.7.1
asyncio: mode=Mode.STRICT
collecting ... collected 18 items

tests/test_integration.py::TestIntegration::test_complete_log_processing PASSED [  5%]
tests/test_integration.py::TestIntegration::test_validation_error_handling PASSED [ 11%]
tests/test_integration.py::TestIntegration::test_high_volume_logging PASSED [ 16%]
tests/test_integration.py::TestIntegration::test_context_provider_failure_handling PASSED [ 22%]
tests/test_integration.py::TestIntegration::test_serialization_performance PASSED [ 27%]
tests/test_performance.py::TestPerformance::test_single_thread_throughput PASSED [ 33%]
tests/test_performance.py::TestPerformance::test_multi_thread_throughput PASSED [ 38%]
tests/test_performance.py::TestPerformance::test_memory_usage FAILED     [ 44%]
tests/test_performance.py::TestPerformance::test_validation_overhead PASSED [ 50%]
tests/test_structured_logger.py::TestStructuredLogger::test_basic_logging PASSED [ 55%]
tests/test_structured_logger.py::TestStructuredLogger::test_log_levels PASSED [ 61%]
tests/test_structured_logger.py::TestStructuredLogger::test_context_injection PASSED [ 66%]
tests/test_structured_logger.py::TestStructuredLogger::test_field_validation PASSED [ 72%]
tests/test_structured_logger.py::TestFieldValidators::test_type_validator PASSED [ 77%]
tests/test_structured_logger.py::TestFieldValidators::test_email_validator PASSED [ 83%]
tests/test_structured_logger.py::TestFieldValidators::test_required_fields_validator PASSED [ 88%]
tests/test_structured_logger.py::TestContextProviders::test_environment_context_provider PASSED [ 94%]
tests/test_structured_logger.py::TestContextProviders::test_application_context_provider PASSED [100%]

=================================== FAILURES ===================================
______________________ TestPerformance.test_memory_usage _______________________
tests/test_performance.py:73: in test_memory_usage
    import psutil
E   ModuleNotFoundError: No module named 'psutil'
=========================== short test summary info ============================
FAILED tests/test_performance.py::TestPerformance::test_memory_usage - Module...
========================= 1 failed, 17 passed in 0.42s =========================
❌ Tests failed!
