🚀 Day 148: Natural Language Query System - Complete Setup
===========================================================
[0;32m📁 Creating project structure...[0m
[0;32m🔨 Running build...[0m
🔨 Building NLP Query System...
./build.sh: line 7: python3.11: command not found
Requirement already satisfied: pip in ./venv/lib/python3.12/site-packages (24.0)
Collecting pip
  Using cached pip-25.3-py3-none-any.whl.metadata (4.7 kB)
Using cached pip-25.3-py3-none-any.whl (1.8 MB)
Installing collected packages: pip
  Attempting uninstall: pip
    Found existing installation: pip 24.0
    Uninstalling pip-24.0:
      Successfully uninstalled pip-24.0
Successfully installed pip-25.3
Collecting fastapi==0.111.0 (from -r requirements.txt (line 1))
  Using cached fastapi-0.111.0-py3-none-any.whl.metadata (25 kB)
Collecting uvicorn==0.30.1 (from -r requirements.txt (line 2))
  Using cached uvicorn-0.30.1-py3-none-any.whl.metadata (6.3 kB)
Collecting spacy==3.7.4 (from -r requirements.txt (line 3))
  Downloading spacy-3.7.4-cp312-cp312-manylinux_2_17_x86_64.manylinux2014_x86_64.whl.metadata (27 kB)
Collecting numpy==1.26.4 (from -r requirements.txt (line 4))
  Using cached numpy-1.26.4-cp312-cp312-manylinux_2_17_x86_64.manylinux2014_x86_64.whl.metadata (61 kB)
Collecting pandas==2.2.2 (from -r requirements.txt (line 5))
  Using cached pandas-2.2.2-cp312-cp312-manylinux_2_17_x86_64.manylinux2014_x86_64.whl.metadata (19 kB)
Collecting scikit-learn==1.4.2 (from -r requirements.txt (line 6))
  Downloading scikit_learn-1.4.2-cp312-cp312-manylinux_2_17_x86_64.manylinux2014_x86_64.whl.metadata (11 kB)
Collecting redis==5.0.4 (from -r requirements.txt (line 7))
  Using cached redis-5.0.4-py3-none-any.whl.metadata (9.3 kB)
Collecting psycopg2-binary==2.9.9 (from -r requirements.txt (line 8))
  Using cached psycopg2_binary-2.9.9-cp312-cp312-manylinux_2_17_x86_64.manylinux2014_x86_64.whl.metadata (4.4 kB)
Collecting python-dateutil==2.9.0 (from -r requirements.txt (line 9))
  Using cached python_dateutil-2.9.0-py2.py3-none-any.whl.metadata (8.3 kB)
Collecting pydantic==2.7.1 (from -r requirements.txt (line 10))
  Using cached pydantic-2.7.1-py3-none-any.whl.metadata (107 kB)
Collecting pytest==8.2.0 (from -r requirements.txt (line 11))
  Using cached pytest-8.2.0-py3-none-any.whl.metadata (7.5 kB)
Collecting pytest-asyncio==0.23.7 (from -r requirements.txt (line 12))
  Using cached pytest_asyncio-0.23.7-py3-none-any.whl.metadata (3.9 kB)
Collecting httpx==0.27.0 (from -r requirements.txt (line 13))
  Using cached httpx-0.27.0-py3-none-any.whl.metadata (7.2 kB)
Collecting python-multipart==0.0.9 (from -r requirements.txt (line 14))
  Using cached python_multipart-0.0.9-py3-none-any.whl.metadata (2.5 kB)
Collecting aiofiles==23.2.1 (from -r requirements.txt (line 15))
  Using cached aiofiles-23.2.1-py3-none-any.whl.metadata (9.7 kB)
Collecting starlette<0.38.0,>=0.37.2 (from fastapi==0.111.0->-r requirements.txt (line 1))
  Using cached starlette-0.37.2-py3-none-any.whl.metadata (5.9 kB)
Collecting typing-extensions>=4.8.0 (from fastapi==0.111.0->-r requirements.txt (line 1))
  Using cached typing_extensions-4.15.0-py3-none-any.whl.metadata (3.3 kB)
Collecting fastapi-cli>=0.0.2 (from fastapi==0.111.0->-r requirements.txt (line 1))
  Downloading fastapi_cli-0.0.20-py3-none-any.whl.metadata (6.5 kB)
Collecting jinja2>=2.11.2 (from fastapi==0.111.0->-r requirements.txt (line 1))
  Using cached jinja2-3.1.6-py3-none-any.whl.metadata (2.9 kB)
Collecting ujson!=4.0.2,!=4.1.0,!=4.2.0,!=4.3.0,!=5.0.0,!=5.1.0,>=4.0.1 (from fastapi==0.111.0->-r requirements.txt (line 1))
  Using cached ujson-5.11.0-cp312-cp312-manylinux_2_24_x86_64.manylinux_2_28_x86_64.whl.metadata (9.4 kB)
Collecting orjson>=3.2.1 (from fastapi==0.111.0->-r requirements.txt (line 1))
  Downloading orjson-3.11.5-cp312-cp312-manylinux_2_17_x86_64.manylinux2014_x86_64.whl.metadata (41 kB)
Collecting email_validator>=2.0.0 (from fastapi==0.111.0->-r requirements.txt (line 1))
  Using cached email_validator-2.3.0-py3-none-any.whl.metadata (26 kB)
Collecting annotated-types>=0.4.0 (from pydantic==2.7.1->-r requirements.txt (line 10))
  Using cached annotated_types-0.7.0-py3-none-any.whl.metadata (15 kB)
Collecting pydantic-core==2.18.2 (from pydantic==2.7.1->-r requirements.txt (line 10))
  Using cached pydantic_core-2.18.2-cp312-cp312-manylinux_2_17_x86_64.manylinux2014_x86_64.whl.metadata (6.5 kB)
Collecting click>=7.0 (from uvicorn==0.30.1->-r requirements.txt (line 2))
  Using cached click-8.3.1-py3-none-any.whl.metadata (2.6 kB)
Collecting h11>=0.8 (from uvicorn==0.30.1->-r requirements.txt (line 2))
  Using cached h11-0.16.0-py3-none-any.whl.metadata (8.3 kB)
Collecting spacy-legacy<3.1.0,>=3.0.11 (from spacy==3.7.4->-r requirements.txt (line 3))
  Downloading spacy_legacy-3.0.12-py2.py3-none-any.whl.metadata (2.8 kB)
Collecting spacy-loggers<2.0.0,>=1.0.0 (from spacy==3.7.4->-r requirements.txt (line 3))
  Downloading spacy_loggers-1.0.5-py3-none-any.whl.metadata (23 kB)
Collecting murmurhash<1.1.0,>=0.28.0 (from spacy==3.7.4->-r requirements.txt (line 3))
  Downloading murmurhash-1.0.15-cp312-cp312-manylinux1_x86_64.manylinux2014_x86_64.manylinux_2_17_x86_64.manylinux_2_5_x86_64.whl.metadata (2.3 kB)
Collecting cymem<2.1.0,>=2.0.2 (from spacy==3.7.4->-r requirements.txt (line 3))
  Downloading cymem-2.0.13-cp312-cp312-manylinux2014_x86_64.manylinux_2_17_x86_64.whl.metadata (9.7 kB)
Collecting preshed<3.1.0,>=3.0.2 (from spacy==3.7.4->-r requirements.txt (line 3))
  Downloading preshed-3.0.12-cp312-cp312-manylinux1_x86_64.manylinux2014_x86_64.manylinux_2_17_x86_64.manylinux_2_5_x86_64.whl.metadata (2.5 kB)
Collecting thinc<8.3.0,>=8.2.2 (from spacy==3.7.4->-r requirements.txt (line 3))
  Downloading thinc-8.2.5-cp312-cp312-manylinux_2_17_x86_64.manylinux2014_x86_64.whl.metadata (15 kB)
Collecting wasabi<1.2.0,>=0.9.1 (from spacy==3.7.4->-r requirements.txt (line 3))
  Downloading wasabi-1.1.3-py3-none-any.whl.metadata (28 kB)
Collecting srsly<3.0.0,>=2.4.3 (from spacy==3.7.4->-r requirements.txt (line 3))
  Downloading srsly-2.5.2-cp312-cp312-manylinux2014_x86_64.manylinux_2_17_x86_64.whl.metadata (19 kB)
Collecting catalogue<2.1.0,>=2.0.6 (from spacy==3.7.4->-r requirements.txt (line 3))
  Downloading catalogue-2.0.10-py3-none-any.whl.metadata (14 kB)
Collecting weasel<0.4.0,>=0.1.0 (from spacy==3.7.4->-r requirements.txt (line 3))
  Downloading weasel-0.3.4-py3-none-any.whl.metadata (4.7 kB)
Collecting typer<0.10.0,>=0.3.0 (from spacy==3.7.4->-r requirements.txt (line 3))
  Downloading typer-0.9.4-py3-none-any.whl.metadata (14 kB)
Collecting smart-open<7.0.0,>=5.2.1 (from spacy==3.7.4->-r requirements.txt (line 3))
  Downloading smart_open-6.4.0-py3-none-any.whl.metadata (21 kB)
Collecting tqdm<5.0.0,>=4.38.0 (from spacy==3.7.4->-r requirements.txt (line 3))
  Using cached tqdm-4.67.1-py3-none-any.whl.metadata (57 kB)
Collecting requests<3.0.0,>=2.13.0 (from spacy==3.7.4->-r requirements.txt (line 3))
  Using cached requests-2.32.5-py3-none-any.whl.metadata (4.9 kB)
Collecting setuptools (from spacy==3.7.4->-r requirements.txt (line 3))
  Using cached setuptools-80.9.0-py3-none-any.whl.metadata (6.6 kB)
Collecting packaging>=20.0 (from spacy==3.7.4->-r requirements.txt (line 3))
  Using cached packaging-25.0-py3-none-any.whl.metadata (3.3 kB)
Collecting langcodes<4.0.0,>=3.2.0 (from spacy==3.7.4->-r requirements.txt (line 3))
  Downloading langcodes-3.5.1-py3-none-any.whl.metadata (30 kB)
Collecting pytz>=2020.1 (from pandas==2.2.2->-r requirements.txt (line 5))
  Using cached pytz-2025.2-py2.py3-none-any.whl.metadata (22 kB)
Collecting tzdata>=2022.7 (from pandas==2.2.2->-r requirements.txt (line 5))
  Using cached tzdata-2025.3-py2.py3-none-any.whl.metadata (1.4 kB)
Collecting scipy>=1.6.0 (from scikit-learn==1.4.2->-r requirements.txt (line 6))
  Using cached scipy-1.16.3-cp312-cp312-manylinux2014_x86_64.manylinux_2_17_x86_64.whl.metadata (62 kB)
Collecting joblib>=1.2.0 (from scikit-learn==1.4.2->-r requirements.txt (line 6))
  Downloading joblib-1.5.3-py3-none-any.whl.metadata (5.5 kB)
Collecting threadpoolctl>=2.0.0 (from scikit-learn==1.4.2->-r requirements.txt (line 6))
  Using cached threadpoolctl-3.6.0-py3-none-any.whl.metadata (13 kB)
Collecting six>=1.5 (from python-dateutil==2.9.0->-r requirements.txt (line 9))
  Using cached six-1.17.0-py2.py3-none-any.whl.metadata (1.7 kB)
Collecting iniconfig (from pytest==8.2.0->-r requirements.txt (line 11))
  Using cached iniconfig-2.3.0-py3-none-any.whl.metadata (2.5 kB)
Collecting pluggy<2.0,>=1.5 (from pytest==8.2.0->-r requirements.txt (line 11))
  Using cached pluggy-1.6.0-py3-none-any.whl.metadata (4.8 kB)
Collecting anyio (from httpx==0.27.0->-r requirements.txt (line 13))
  Using cached anyio-4.12.0-py3-none-any.whl.metadata (4.3 kB)
Collecting certifi (from httpx==0.27.0->-r requirements.txt (line 13))
  Using cached certifi-2025.11.12-py3-none-any.whl.metadata (2.5 kB)
Collecting httpcore==1.* (from httpx==0.27.0->-r requirements.txt (line 13))
  Using cached httpcore-1.0.9-py3-none-any.whl.metadata (21 kB)
Collecting idna (from httpx==0.27.0->-r requirements.txt (line 13))
  Using cached idna-3.11-py3-none-any.whl.metadata (8.4 kB)
Collecting sniffio (from httpx==0.27.0->-r requirements.txt (line 13))
  Using cached sniffio-1.3.1-py3-none-any.whl.metadata (3.9 kB)
Collecting charset_normalizer<4,>=2 (from requests<3.0.0,>=2.13.0->spacy==3.7.4->-r requirements.txt (line 3))
  Using cached charset_normalizer-3.4.4-cp312-cp312-manylinux2014_x86_64.manylinux_2_17_x86_64.manylinux_2_28_x86_64.whl.metadata (37 kB)
Collecting urllib3<3,>=1.21.1 (from requests<3.0.0,>=2.13.0->spacy==3.7.4->-r requirements.txt (line 3))
  Using cached urllib3-2.6.2-py3-none-any.whl.metadata (6.6 kB)
Collecting blis<0.8.0,>=0.7.8 (from thinc<8.3.0,>=8.2.2->spacy==3.7.4->-r requirements.txt (line 3))
  Downloading blis-0.7.11-cp312-cp312-manylinux_2_17_x86_64.manylinux2014_x86_64.whl.metadata (7.4 kB)
Collecting confection<1.0.0,>=0.0.1 (from thinc<8.3.0,>=8.2.2->spacy==3.7.4->-r requirements.txt (line 3))
  Downloading confection-0.1.5-py3-none-any.whl.metadata (19 kB)
Collecting cloudpathlib<0.17.0,>=0.7.0 (from weasel<0.4.0,>=0.1.0->spacy==3.7.4->-r requirements.txt (line 3))
  Downloading cloudpathlib-0.16.0-py3-none-any.whl.metadata (14 kB)
Collecting dnspython>=2.0.0 (from email_validator>=2.0.0->fastapi==0.111.0->-r requirements.txt (line 1))
  Using cached dnspython-2.8.0-py3-none-any.whl.metadata (5.7 kB)
INFO: pip is looking at multiple versions of fastapi-cli to determine which version is compatible with other requirements. This could take a while.
Collecting fastapi-cli>=0.0.2 (from fastapi==0.111.0->-r requirements.txt (line 1))
  Downloading fastapi_cli-0.0.19-py3-none-any.whl.metadata (6.5 kB)
  Downloading fastapi_cli-0.0.18-py3-none-any.whl.metadata (6.5 kB)
  Downloading fastapi_cli-0.0.17-py3-none-any.whl.metadata (6.4 kB)
  Using cached fastapi_cli-0.0.16-py3-none-any.whl.metadata (6.4 kB)
  Downloading fastapi_cli-0.0.15-py3-none-any.whl.metadata (6.4 kB)
  Downloading fastapi_cli-0.0.14-py3-none-any.whl.metadata (6.4 kB)
  Downloading fastapi_cli-0.0.13-py3-none-any.whl.metadata (6.3 kB)
INFO: pip is still looking at multiple versions of fastapi-cli to determine which version is compatible with other requirements. This could take a while.
  Downloading fastapi_cli-0.0.12-py3-none-any.whl.metadata (6.3 kB)
  Downloading fastapi_cli-0.0.11-py3-none-any.whl.metadata (6.3 kB)
  Downloading fastapi_cli-0.0.10-py3-none-any.whl.metadata (6.3 kB)
  Downloading fastapi_cli-0.0.9-py3-none-any.whl.metadata (6.3 kB)
  Downloading fastapi_cli-0.0.8-py3-none-any.whl.metadata (6.3 kB)
INFO: This is taking longer than usual. You might need to provide the dependency resolver with stricter constraints to reduce runtime. See https://pip.pypa.io/warnings/backtracking for guidance. If you want to abort this run, press Ctrl + C.
  Downloading fastapi_cli-0.0.7-py3-none-any.whl.metadata (6.2 kB)
  Downloading fastapi_cli-0.0.6-py3-none-any.whl.metadata (6.2 kB)
  Downloading fastapi_cli-0.0.5-py3-none-any.whl.metadata (7.0 kB)
  Downloading fastapi_cli-0.0.4-py3-none-any.whl.metadata (7.0 kB)
  Downloading fastapi_cli-0.0.3-py3-none-any.whl.metadata (7.0 kB)
  Downloading fastapi_cli-0.0.2-py3-none-any.whl.metadata (6.8 kB)
Collecting weasel<0.4.0,>=0.1.0 (from spacy==3.7.4->-r requirements.txt (line 3))
  Downloading weasel-0.3.3-py3-none-any.whl.metadata (4.7 kB)
  Downloading weasel-0.3.2-py3-none-any.whl.metadata (4.7 kB)
Collecting cloudpathlib<0.16.0,>=0.7.0 (from weasel<0.4.0,>=0.1.0->spacy==3.7.4->-r requirements.txt (line 3))
  Downloading cloudpathlib-0.15.1-py3-none-any.whl.metadata (13 kB)
Collecting weasel<0.4.0,>=0.1.0 (from spacy==3.7.4->-r requirements.txt (line 3))
  Downloading weasel-0.3.1-py3-none-any.whl.metadata (4.7 kB)
Collecting typer<0.10.0,>=0.3.0 (from spacy==3.7.4->-r requirements.txt (line 3))
  Downloading typer-0.7.0-py3-none-any.whl.metadata (17 kB)
Collecting weasel<0.4.0,>=0.1.0 (from spacy==3.7.4->-r requirements.txt (line 3))
  Downloading weasel-0.3.0-py3-none-any.whl.metadata (4.7 kB)
  Downloading weasel-0.2.0-py3-none-any.whl.metadata (4.5 kB)
  Downloading weasel-0.1.1-py3-none-any.whl.metadata (4.4 kB)
Collecting confection<1.0.0,>=0.0.1 (from thinc<8.3.0,>=8.2.2->spacy==3.7.4->-r requirements.txt (line 3))
  Downloading confection-0.0.4-py3-none-any.whl.metadata (19 kB)
Collecting pathy>=0.10.0 (from weasel<0.4.0,>=0.1.0->spacy==3.7.4->-r requirements.txt (line 3))
  Downloading pathy-0.11.0-py3-none-any.whl.metadata (16 kB)
INFO: pip is looking at multiple versions of weasel to determine which version is compatible with other requirements. This could take a while.
Collecting weasel<0.4.0,>=0.1.0 (from spacy==3.7.4->-r requirements.txt (line 3))
  Downloading weasel-0.1.0-py3-none-any.whl.metadata (4.4 kB)
Collecting confection<1.0.0,>=0.0.1 (from thinc<8.3.0,>=8.2.2->spacy==3.7.4->-r requirements.txt (line 3))
  Downloading confection-0.1.4-py3-none-any.whl.metadata (19 kB)
  Downloading confection-0.1.3-py3-none-any.whl.metadata (19 kB)
  Downloading confection-0.1.2-py3-none-any.whl.metadata (19 kB)
INFO: pip is still looking at multiple versions of weasel to determine which version is compatible with other requirements. This could take a while.
  Downloading confection-0.1.1-py3-none-any.whl.metadata (19 kB)
  Downloading confection-0.1.0-py3-none-any.whl.metadata (19 kB)
INFO: pip is looking at multiple versions of confection to determine which version is compatible with other requirements. This could take a while.
  Downloading confection-0.0.3-py3-none-any.whl.metadata (18 kB)
  Downloading confection-0.0.2-py3-none-any.whl.metadata (18 kB)
  Downloading confection-0.0.1-py3-none-any.whl.metadata (18 kB)
Collecting thinc<8.3.0,>=8.2.2 (from spacy==3.7.4->-r requirements.txt (line 3))
  Downloading thinc-8.2.4-cp312-cp312-manylinux_2_17_x86_64.manylinux2014_x86_64.whl.metadata (15 kB)
INFO: This is taking longer than usual. You might need to provide the dependency resolver with stricter constraints to reduce runtime. See https://pip.pypa.io/warnings/backtracking for guidance. If you want to abort this run, press Ctrl + C.
INFO: pip is still looking at multiple versions of confection to determine which version is compatible with other requirements. This could take a while.
  Downloading thinc-8.2.3-cp312-cp312-manylinux_2_17_x86_64.manylinux2014_x86_64.whl.metadata (15 kB)
INFO: This is taking longer than usual. You might need to provide the dependency resolver with stricter constraints to reduce runtime. See https://pip.pypa.io/warnings/backtracking for guidance. If you want to abort this run, press Ctrl + C.
  Downloading thinc-8.2.2-cp312-cp312-manylinux_2_17_x86_64.manylinux2014_x86_64.whl.metadata (15 kB)
Collecting certifi (from httpx==0.27.0->-r requirements.txt (line 13))
  Downloading certifi-2025.10.5-py3-none-any.whl.metadata (2.5 kB)
Collecting annotated-types>=0.4.0 (from pydantic==2.7.1->-r requirements.txt (line 10))
  Downloading annotated_types-0.6.0-py3-none-any.whl.metadata (12 kB)
Collecting wasabi<1.2.0,>=0.9.1 (from spacy==3.7.4->-r requirements.txt (line 3))
  Downloading wasabi-1.1.2-py3-none-any.whl.metadata (28 kB)
Collecting dnspython>=2.0.0 (from email_validator>=2.0.0->fastapi==0.111.0->-r requirements.txt (line 1))
  Downloading dnspython-2.7.0-py3-none-any.whl.metadata (5.8 kB)
Collecting email_validator>=2.0.0 (from fastapi==0.111.0->-r requirements.txt (line 1))
  Downloading email_validator-2.2.0-py3-none-any.whl.metadata (25 kB)
Collecting wasabi<1.2.0,>=0.9.1 (from spacy==3.7.4->-r requirements.txt (line 3))
  Downloading wasabi-1.1.1-py3-none-any.whl.metadata (28 kB)
Collecting urllib3<3,>=1.21.1 (from requests<3.0.0,>=2.13.0->spacy==3.7.4->-r requirements.txt (line 3))
  Using cached urllib3-2.6.1-py3-none-any.whl.metadata (6.6 kB)
  Using cached urllib3-2.6.0-py3-none-any.whl.metadata (6.6 kB)
Collecting click>=7.0 (from uvicorn==0.30.1->-r requirements.txt (line 2))
  Using cached click-8.3.0-py3-none-any.whl.metadata (2.6 kB)
  Downloading click-8.2.1-py3-none-any.whl.metadata (2.5 kB)
Collecting typer<0.10.0,>=0.3.0 (from spacy==3.7.4->-r requirements.txt (line 3))
  Downloading typer-0.9.3-py3-none-any.whl.metadata (14 kB)
  Downloading typer-0.9.2-py3-none-any.whl.metadata (14 kB)
  Downloading typer-0.9.1-py3-none-any.whl.metadata (14 kB)
Collecting cloudpathlib<0.16.0,>=0.7.0 (from weasel<0.4.0,>=0.1.0->spacy==3.7.4->-r requirements.txt (line 3))
  Downloading cloudpathlib-0.15.0-py3-none-any.whl.metadata (13 kB)
Collecting typer<0.10.0,>=0.3.0 (from spacy==3.7.4->-r requirements.txt (line 3))
  Downloading typer-0.9.0-py3-none-any.whl.metadata (14 kB)
  Downloading typer-0.8.0-py3-none-any.whl.metadata (14 kB)
  Downloading typer-0.6.1-py3-none-any.whl.metadata (17 kB)
Collecting tqdm<5.0.0,>=4.38.0 (from spacy==3.7.4->-r requirements.txt (line 3))
  Downloading tqdm-4.67.0-py3-none-any.whl.metadata (57 kB)
  Downloading tqdm-4.66.6-py3-none-any.whl.metadata (57 kB)
Collecting blis<0.8.0,>=0.7.8 (from thinc<8.3.0,>=8.2.2->spacy==3.7.4->-r requirements.txt (line 3))
  Downloading blis-0.7.10.tar.gz (2.9 MB)
     ━━━━━━━━━━━━━━━━━━━━━━━━━━━━━━━━━━━━━━━━ 2.9/2.9 MB 2.8 MB/s  0:00:00

  Installing build dependencies: started
  Installing build dependencies: finished with status 'done'
  Getting requirements to build wheel: started
  Getting requirements to build wheel: finished with status 'done'
  Preparing metadata (pyproject.toml): started
  Preparing metadata (pyproject.toml): finished with status 'done'
  Downloading blis-0.7.9.tar.gz (2.9 MB)
     ━━━━━━━━━━━━━━━━━━━━━━━━━━━━━━━━━━━━━━━━ 2.9/2.9 MB 5.2 MB/s  0:00:00

  Installing build dependencies: started
  Installing build dependencies: finished with status 'done'
  Getting requirements to build wheel: started
  Getting requirements to build wheel: finished with status 'done'
  Preparing metadata (pyproject.toml): started
  Preparing metadata (pyproject.toml): finished with status 'done'
  Downloading blis-0.7.8.tar.gz (2.9 MB)
     ━━━━━━━━━━━━━━━━━━━━━━━━━━━━━━━━━━━━━━━━ 2.9/2.9 MB 8.1 MB/s  0:00:00

  Installing build dependencies: started
  Installing build dependencies: finished with status 'done'
  Getting requirements to build wheel: started
  Getting requirements to build wheel: finished with status 'done'
  Preparing metadata (pyproject.toml): started
  Preparing metadata (pyproject.toml): finished with status 'done'
Collecting anyio (from httpx==0.27.0->-r requirements.txt (line 13))
  Using cached anyio-4.11.0-py3-none-any.whl.metadata (4.1 kB)
  Downloading anyio-4.10.0-py3-none-any.whl.metadata (4.0 kB)
  Downloading anyio-4.9.0-py3-none-any.whl.metadata (4.7 kB)
Collecting srsly<3.0.0,>=2.4.3 (from spacy==3.7.4->-r requirements.txt (line 3))
  Downloading srsly-2.5.1-cp312-cp312-manylinux_2_17_x86_64.manylinux2014_x86_64.whl.metadata (19 kB)
  Downloading srsly-2.5.0-cp312-cp312-manylinux_2_17_x86_64.manylinux2014_x86_64.whl.metadata (19 kB)
  Downloading srsly-2.4.8-cp312-cp312-manylinux_2_17_x86_64.manylinux2014_x86_64.whl.metadata (20 kB)
Collecting spacy-loggers<2.0.0,>=1.0.0 (from spacy==3.7.4->-r requirements.txt (line 3))
  Downloading spacy_loggers-1.0.4-py3-none-any.whl.metadata (14 kB)
  Downloading spacy_loggers-1.0.3-py3-none-any.whl.metadata (9.5 kB)
Collecting wasabi<1.2.0,>=0.9.1 (from spacy==3.7.4->-r requirements.txt (line 3))
  Downloading wasabi-0.10.1-py3-none-any.whl.metadata (28 kB)
  Downloading wasabi-0.9.1-py3-none-any.whl.metadata (28 kB)
Collecting spacy-loggers<2.0.0,>=1.0.0 (from spacy==3.7.4->-r requirements.txt (line 3))
  Downloading spacy_loggers-1.0.2-py3-none-any.whl.metadata (5.6 kB)
Collecting spacy-legacy<3.1.0,>=3.0.11 (from spacy==3.7.4->-r requirements.txt (line 3))
  Downloading spacy_legacy-3.0.11-py2.py3-none-any.whl.metadata (2.8 kB)
