🚀 Day 132: Implementing Error Tracking Features
==================================================
[0;34m📁 Creating Project Structure...[0m
[0;32m[INFO][0m Project structure created successfully
[0;34m🐍 Setting up Python Virtual Environment...[0m
Requirement already satisfied: pip in ./venv/lib/python3.12/site-packages (24.0)
Collecting pip
  Using cached pip-25.3-py3-none-any.whl.metadata (4.7 kB)
Collecting setuptools
  Using cached setuptools-80.9.0-py3-none-any.whl.metadata (6.6 kB)
Collecting wheel
  Using cached wheel-0.45.1-py3-none-any.whl.metadata (2.3 kB)
Using cached pip-25.3-py3-none-any.whl (1.8 MB)
Using cached setuptools-80.9.0-py3-none-any.whl (1.2 MB)
Using cached wheel-0.45.1-py3-none-any.whl (72 kB)
Installing collected packages: wheel, setuptools, pip
  Attempting uninstall: pip
    Found existing installation: pip 24.0
    Uninstalling pip-24.0:
      Successfully uninstalled pip-24.0
Successfully installed pip-25.3 setuptools-80.9.0 wheel-0.45.1
[0;32m[INFO][0m Python virtual environment activated
[0;34m📦 Installing Python Dependencies...[0m
Collecting fastapi==0.104.1 (from -r backend/requirements.txt (line 1))
  Using cached fastapi-0.104.1-py3-none-any.whl.metadata (24 kB)
Collecting uvicorn==0.24.0 (from uvicorn[standard]==0.24.0->-r backend/requirements.txt (line 2))
  Using cached uvicorn-0.24.0-py3-none-any.whl.metadata (6.4 kB)
Collecting sqlalchemy==2.0.23 (from -r backend/requirements.txt (line 3))
  Using cached SQLAlchemy-2.0.23-cp312-cp312-manylinux_2_17_x86_64.manylinux2014_x86_64.whl.metadata (9.6 kB)
Collecting alembic==1.12.1 (from -r backend/requirements.txt (line 4))
  Using cached alembic-1.12.1-py3-none-any.whl.metadata (7.3 kB)
Collecting psycopg2-binary==2.9.9 (from -r backend/requirements.txt (line 5))
  Using cached psycopg2_binary-2.9.9-cp312-cp312-manylinux_2_17_x86_64.manylinux2014_x86_64.whl.metadata (4.4 kB)
Collecting redis==5.0.1 (from -r backend/requirements.txt (line 6))
  Using cached redis-5.0.1-py3-none-any.whl.metadata (8.9 kB)
Collecting pydantic==2.5.0 (from -r backend/requirements.txt (line 7))
  Using cached pydantic-2.5.0-py3-none-any.whl.metadata (174 kB)
Collecting pydantic-settings==2.1.0 (from -r backend/requirements.txt (line 8))
  Using cached pydantic_settings-2.1.0-py3-none-any.whl.metadata (2.9 kB)
Collecting python-multipart==0.0.6 (from -r backend/requirements.txt (line 9))
  Using cached python_multipart-0.0.6-py3-none-any.whl.metadata (2.5 kB)
Collecting python-jose==3.3.0 (from python-jose[cryptography]==3.3.0->-r backend/requirements.txt (line 10))
  Using cached python_jose-3.3.0-py2.py3-none-any.whl.metadata (5.4 kB)
Collecting passlib==1.7.4 (from passlib[bcrypt]==1.7.4->-r backend/requirements.txt (line 11))
  Using cached passlib-1.7.4-py2.py3-none-any.whl.metadata (1.7 kB)
Collecting aioredis==2.0.1 (from -r backend/requirements.txt (line 12))
  Using cached aioredis-2.0.1-py3-none-any.whl.metadata (15 kB)
Collecting asyncpg==0.29.0 (from -r backend/requirements.txt (line 13))
  Using cached asyncpg-0.29.0-cp312-cp312-manylinux_2_17_x86_64.manylinux2014_x86_64.whl.metadata (4.4 kB)
Collecting pytest==7.4.3 (from -r backend/requirements.txt (line 14))
  Using cached pytest-7.4.3-py3-none-any.whl.metadata (7.9 kB)
Collecting pytest-asyncio==0.21.1 (from -r backend/requirements.txt (line 15))
  Using cached pytest_asyncio-0.21.1-py3-none-any.whl.metadata (4.0 kB)
Collecting httpx==0.25.2 (from -r backend/requirements.txt (line 16))
  Using cached httpx-0.25.2-py3-none-any.whl.metadata (6.9 kB)
Collecting structlog==23.2.0 (from -r backend/requirements.txt (line 17))
  Using cached structlog-23.2.0-py3-none-any.whl.metadata (7.6 kB)
Collecting scikit-learn==1.4.0 (from -r backend/requirements.txt (line 18))
  Using cached scikit_learn-1.4.0-1-cp312-cp312-manylinux_2_17_x86_64.manylinux2014_x86_64.whl.metadata (11 kB)
Collecting numpy==1.26.0 (from -r backend/requirements.txt (line 19))
  Using cached numpy-1.26.0-cp312-cp312-manylinux_2_17_x86_64.manylinux2014_x86_64.whl.metadata (58 kB)
Collecting pandas==2.2.0 (from -r backend/requirements.txt (line 20))
  Using cached pandas-2.2.0-cp312-cp312-manylinux_2_17_x86_64.manylinux2014_x86_64.whl.metadata (19 kB)
Collecting celery==5.3.4 (from -r backend/requirements.txt (line 21))
  Using cached celery-5.3.4-py3-none-any.whl.metadata (21 kB)
Collecting kombu==5.3.4 (from -r backend/requirements.txt (line 22))
  Using cached kombu-5.3.4-py3-none-any.whl.metadata (3.1 kB)
Collecting aiofiles==23.2.1 (from -r backend/requirements.txt (line 23))
  Using cached aiofiles-23.2.1-py3-none-any.whl.metadata (9.7 kB)
Collecting Jinja2==3.1.2 (from -r backend/requirements.txt (line 24))
  Using cached Jinja2-3.1.2-py3-none-any.whl.metadata (3.5 kB)
Collecting python-dotenv==1.0.0 (from -r backend/requirements.txt (line 25))
  Using cached python_dotenv-1.0.0-py3-none-any.whl.metadata (21 kB)
Collecting websockets==12.0 (from -r backend/requirements.txt (line 26))
  Using cached websockets-12.0-cp312-cp312-manylinux_2_5_x86_64.manylinux1_x86_64.manylinux_2_17_x86_64.manylinux2014_x86_64.whl.metadata (6.6 kB)
Collecting anyio<4.0.0,>=3.7.1 (from fastapi==0.104.1->-r backend/requirements.txt (line 1))
  Using cached anyio-3.7.1-py3-none-any.whl.metadata (4.7 kB)
Collecting starlette<0.28.0,>=0.27.0 (from fastapi==0.104.1->-r backend/requirements.txt (line 1))
  Using cached starlette-0.27.0-py3-none-any.whl.metadata (5.8 kB)
Collecting typing-extensions>=4.8.0 (from fastapi==0.104.1->-r backend/requirements.txt (line 1))
  Using cached typing_extensions-4.15.0-py3-none-any.whl.metadata (3.3 kB)
Collecting annotated-types>=0.4.0 (from pydantic==2.5.0->-r backend/requirements.txt (line 7))
  Using cached annotated_types-0.7.0-py3-none-any.whl.metadata (15 kB)
Collecting pydantic-core==2.14.1 (from pydantic==2.5.0->-r backend/requirements.txt (line 7))
  Using cached pydantic_core-2.14.1-cp312-cp312-manylinux_2_17_x86_64.manylinux2014_x86_64.whl.metadata (6.5 kB)
Collecting click>=7.0 (from uvicorn==0.24.0->uvicorn[standard]==0.24.0->-r backend/requirements.txt (line 2))
  Using cached click-8.3.0-py3-none-any.whl.metadata (2.6 kB)
Collecting h11>=0.8 (from uvicorn==0.24.0->uvicorn[standard]==0.24.0->-r backend/requirements.txt (line 2))
  Using cached h11-0.16.0-py3-none-any.whl.metadata (8.3 kB)
Collecting greenlet!=0.4.17 (from sqlalchemy==2.0.23->-r backend/requirements.txt (line 3))
  Downloading greenlet-3.2.4-cp312-cp312-manylinux_2_24_x86_64.manylinux_2_28_x86_64.whl.metadata (4.1 kB)
Collecting Mako (from alembic==1.12.1->-r backend/requirements.txt (line 4))
  Downloading mako-1.3.10-py3-none-any.whl.metadata (2.9 kB)
Collecting ecdsa!=0.15 (from python-jose==3.3.0->python-jose[cryptography]==3.3.0->-r backend/requirements.txt (line 10))
  Downloading ecdsa-0.19.1-py2.py3-none-any.whl.metadata (29 kB)
Collecting rsa (from python-jose==3.3.0->python-jose[cryptography]==3.3.0->-r backend/requirements.txt (line 10))
  Downloading rsa-4.9.1-py3-none-any.whl.metadata (5.6 kB)
Collecting pyasn1 (from python-jose==3.3.0->python-jose[cryptography]==3.3.0->-r backend/requirements.txt (line 10))
  Downloading pyasn1-0.6.1-py3-none-any.whl.metadata (8.4 kB)
Collecting async-timeout (from aioredis==2.0.1->-r backend/requirements.txt (line 12))
  Using cached async_timeout-5.0.1-py3-none-any.whl.metadata (5.1 kB)
Collecting iniconfig (from pytest==7.4.3->-r backend/requirements.txt (line 14))
  Using cached iniconfig-2.3.0-py3-none-any.whl.metadata (2.5 kB)
Collecting packaging (from pytest==7.4.3->-r backend/requirements.txt (line 14))
  Using cached packaging-25.0-py3-none-any.whl.metadata (3.3 kB)
Collecting pluggy<2.0,>=0.12 (from pytest==7.4.3->-r backend/requirements.txt (line 14))
  Using cached pluggy-1.6.0-py3-none-any.whl.metadata (4.8 kB)
Collecting certifi (from httpx==0.25.2->-r backend/requirements.txt (line 16))
  Using cached certifi-2025.11.12-py3-none-any.whl.metadata (2.5 kB)
Collecting httpcore==1.* (from httpx==0.25.2->-r backend/requirements.txt (line 16))
  Using cached httpcore-1.0.9-py3-none-any.whl.metadata (21 kB)
Collecting idna (from httpx==0.25.2->-r backend/requirements.txt (line 16))
  Using cached idna-3.11-py3-none-any.whl.metadata (8.4 kB)
Collecting sniffio (from httpx==0.25.2->-r backend/requirements.txt (line 16))
  Using cached sniffio-1.3.1-py3-none-any.whl.metadata (3.9 kB)
Collecting scipy>=1.6.0 (from scikit-learn==1.4.0->-r backend/requirements.txt (line 18))
  Downloading scipy-1.16.3-cp312-cp312-manylinux2014_x86_64.manylinux_2_17_x86_64.whl.metadata (62 kB)
Collecting joblib>=1.2.0 (from scikit-learn==1.4.0->-r backend/requirements.txt (line 18))
  Downloading joblib-1.5.2-py3-none-any.whl.metadata (5.6 kB)
Collecting threadpoolctl>=2.0.0 (from scikit-learn==1.4.0->-r backend/requirements.txt (line 18))
  Downloading threadpoolctl-3.6.0-py3-none-any.whl.metadata (13 kB)
Collecting python-dateutil>=2.8.2 (from pandas==2.2.0->-r backend/requirements.txt (line 20))
  Using cached python_dateutil-2.9.0.post0-py2.py3-none-any.whl.metadata (8.4 kB)
Collecting pytz>=2020.1 (from pandas==2.2.0->-r backend/requirements.txt (line 20))
  Using cached pytz-2025.2-py2.py3-none-any.whl.metadata (22 kB)
Collecting tzdata>=2022.7 (from pandas==2.2.0->-r backend/requirements.txt (line 20))
  Using cached tzdata-2025.2-py2.py3-none-any.whl.metadata (1.4 kB)
Collecting billiard<5.0,>=4.1.0 (from celery==5.3.4->-r backend/requirements.txt (line 21))
  Downloading billiard-4.2.2-py3-none-any.whl.metadata (4.8 kB)
Collecting vine<6.0,>=5.0.0 (from celery==5.3.4->-r backend/requirements.txt (line 21))
  Downloading vine-5.1.0-py3-none-any.whl.metadata (2.7 kB)
Collecting click-didyoumean>=0.3.0 (from celery==5.3.4->-r backend/requirements.txt (line 21))
  Downloading click_didyoumean-0.3.1-py3-none-any.whl.metadata (3.9 kB)
Collecting click-repl>=0.2.0 (from celery==5.3.4->-r backend/requirements.txt (line 21))
  Downloading click_repl-0.3.0-py3-none-any.whl.metadata (3.6 kB)
Collecting click-plugins>=1.1.1 (from celery==5.3.4->-r backend/requirements.txt (line 21))
  Downloading click_plugins-1.1.1.2-py2.py3-none-any.whl.metadata (6.5 kB)
Collecting amqp<6.0.0,>=5.1.1 (from kombu==5.3.4->-r backend/requirements.txt (line 22))
  Downloading amqp-5.3.1-py3-none-any.whl.metadata (8.9 kB)
Collecting MarkupSafe>=2.0 (from Jinja2==3.1.2->-r backend/requirements.txt (line 24))
  Using cached markupsafe-3.0.3-cp312-cp312-manylinux2014_x86_64.manylinux_2_17_x86_64.manylinux_2_28_x86_64.whl.metadata (2.7 kB)
Collecting bcrypt>=3.1.0 (from passlib[bcrypt]==1.7.4->-r backend/requirements.txt (line 11))
  Downloading bcrypt-5.0.0-cp39-abi3-manylinux_2_34_x86_64.whl.metadata (10 kB)
Collecting cryptography>=3.4.0 (from python-jose[cryptography]==3.3.0->-r backend/requirements.txt (line 10))
  Downloading cryptography-46.0.3-cp311-abi3-manylinux_2_34_x86_64.whl.metadata (5.7 kB)
Collecting httptools>=0.5.0 (from uvicorn[standard]==0.24.0->-r backend/requirements.txt (line 2))
  Using cached httptools-0.7.1-cp312-cp312-manylinux1_x86_64.manylinux_2_28_x86_64.manylinux_2_5_x86_64.whl.metadata (3.5 kB)
Collecting pyyaml>=5.1 (from uvicorn[standard]==0.24.0->-r backend/requirements.txt (line 2))
  Using cached pyyaml-6.0.3-cp312-cp312-manylinux2014_x86_64.manylinux_2_17_x86_64.manylinux_2_28_x86_64.whl.metadata (2.4 kB)
Collecting uvloop!=0.15.0,!=0.15.1,>=0.14.0 (from uvicorn[standard]==0.24.0->-r backend/requirements.txt (line 2))
  Using cached uvloop-0.22.1-cp312-cp312-manylinux2014_x86_64.manylinux_2_17_x86_64.manylinux_2_28_x86_64.whl.metadata (4.9 kB)
Collecting watchfiles>=0.13 (from uvicorn[standard]==0.24.0->-r backend/requirements.txt (line 2))
  Using cached watchfiles-1.1.1-cp312-cp312-manylinux_2_17_x86_64.manylinux2014_x86_64.whl.metadata (4.9 kB)
Collecting prompt-toolkit>=3.0.36 (from click-repl>=0.2.0->celery==5.3.4->-r backend/requirements.txt (line 21))
  Downloading prompt_toolkit-3.0.52-py3-none-any.whl.metadata (6.4 kB)
Collecting cffi>=2.0.0 (from cryptography>=3.4.0->python-jose[cryptography]==3.3.0->-r backend/requirements.txt (line 10))
  Downloading cffi-2.0.0-cp312-cp312-manylinux2014_x86_64.manylinux_2_17_x86_64.whl.metadata (2.6 kB)
Collecting pycparser (from cffi>=2.0.0->cryptography>=3.4.0->python-jose[cryptography]==3.3.0->-r backend/requirements.txt (line 10))
  Downloading pycparser-2.23-py3-none-any.whl.metadata (993 bytes)
Collecting six>=1.9.0 (from ecdsa!=0.15->python-jose==3.3.0->python-jose[cryptography]==3.3.0->-r backend/requirements.txt (line 10))
  Using cached six-1.17.0-py2.py3-none-any.whl.metadata (1.7 kB)
Collecting wcwidth (from prompt-toolkit>=3.0.36->click-repl>=0.2.0->celery==5.3.4->-r backend/requirements.txt (line 21))
  Downloading wcwidth-0.2.14-py2.py3-none-any.whl.metadata (15 kB)
Using cached fastapi-0.104.1-py3-none-any.whl (92 kB)
Using cached pydantic-2.5.0-py3-none-any.whl (407 kB)
Using cached uvicorn-0.24.0-py3-none-any.whl (59 kB)
Downloading SQLAlchemy-2.0.23-cp312-cp312-manylinux_2_17_x86_64.manylinux2014_x86_64.whl (3.2 MB)
   ━━━━━━━━━━━━━━━━━━━━━━━━━━━━━━━━━━━━━━━━ 3.2/3.2 MB 9.3 MB/s  0:00:00

Downloading alembic-1.12.1-py3-none-any.whl (226 kB)
Downloading psycopg2_binary-2.9.9-cp312-cp312-manylinux_2_17_x86_64.manylinux2014_x86_64.whl (3.0 MB)
   ━━━━━━━━━━━━━━━━━━━━━━━━━━━━━━━━━━━━━━━━ 3.0/3.0 MB 4.8 MB/s  0:00:00

Downloading redis-5.0.1-py3-none-any.whl (250 kB)
Downloading pydantic_settings-2.1.0-py3-none-any.whl (11 kB)
Using cached python_multipart-0.0.6-py3-none-any.whl (45 kB)
Downloading python_jose-3.3.0-py2.py3-none-any.whl (33 kB)
Downloading passlib-1.7.4-py2.py3-none-any.whl (525 kB)
   ━━━━━━━━━━━━━━━━━━━━━━━━━━━━━━━━━━━━━━━━ 525.6/525.6 kB 2.6 MB/s  0:00:00

Using cached aioredis-2.0.1-py3-none-any.whl (71 kB)
Downloading asyncpg-0.29.0-cp312-cp312-manylinux_2_17_x86_64.manylinux2014_x86_64.whl (3.3 MB)
   ━━━━━━━━━━━━━━━━━━━━━━━━━━━━━━━━━━━━━━━━ 3.3/3.3 MB 3.3 MB/s  0:00:01

Using cached pytest-7.4.3-py3-none-any.whl (325 kB)
Using cached pytest_asyncio-0.21.1-py3-none-any.whl (13 kB)
Downloading httpx-0.25.2-py3-none-any.whl (74 kB)
Using cached structlog-23.2.0-py3-none-any.whl (62 kB)
Downloading scikit_learn-1.4.0-1-cp312-cp312-manylinux_2_17_x86_64.manylinux2014_x86_64.whl (12.2 MB)
   ━━━━━━━━━━━━━━━━━━━━━━━━━━━━━━━━━━━━━━━━ 12.2/12.2 MB 4.8 MB/s  0:00:02

Downloading numpy-1.26.0-cp312-cp312-manylinux_2_17_x86_64.manylinux2014_x86_64.whl (17.9 MB)
   ━━━━━━━━━━━━━━━━━━━━━━━━━━━━━━━━━━━━━━━━ 17.9/17.9 MB 4.8 MB/s  0:00:03

Downloading pandas-2.2.0-cp312-cp312-manylinux_2_17_x86_64.manylinux2014_x86_64.whl (12.7 MB)
   ━━━━━━━━━━━━━━━━━━━━━━━━━━━━━━━━━━━━━━━━ 12.7/12.7 MB 4.6 MB/s  0:00:02

Downloading celery-5.3.4-py3-none-any.whl (421 kB)
Downloading kombu-5.3.4-py3-none-any.whl (199 kB)
Using cached aiofiles-23.2.1-py3-none-any.whl (15 kB)
Using cached Jinja2-3.1.2-py3-none-any.whl (133 kB)
Downloading python_dotenv-1.0.0-py3-none-any.whl (19 kB)
Using cached websockets-12.0-cp312-cp312-manylinux_2_5_x86_64.manylinux1_x86_64.manylinux_2_17_x86_64.manylinux2014_x86_64.whl (131 kB)
Using cached pydantic_core-2.14.1-cp312-cp312-manylinux_2_17_x86_64.manylinux2014_x86_64.whl (2.1 MB)
Downloading amqp-5.3.1-py3-none-any.whl (50 kB)
Using cached anyio-3.7.1-py3-none-any.whl (80 kB)
Downloading billiard-4.2.2-py3-none-any.whl (86 kB)
Using cached click-8.3.0-py3-none-any.whl (107 kB)
Using cached httpcore-1.0.9-py3-none-any.whl (78 kB)
Using cached pluggy-1.6.0-py3-none-any.whl (20 kB)
Using cached starlette-0.27.0-py3-none-any.whl (66 kB)
Downloading vine-5.1.0-py3-none-any.whl (9.6 kB)
Using cached annotated_types-0.7.0-py3-none-any.whl (13 kB)
Downloading bcrypt-5.0.0-cp39-abi3-manylinux_2_34_x86_64.whl (278 kB)
Downloading click_didyoumean-0.3.1-py3-none-any.whl (3.6 kB)
Downloading click_plugins-1.1.1.2-py2.py3-none-any.whl (11 kB)
Downloading click_repl-0.3.0-py3-none-any.whl (10 kB)
Downloading cryptography-46.0.3-cp311-abi3-manylinux_2_34_x86_64.whl (4.5 MB)
   ━━━━━━━━━━━━━━━━━━━━━━━━━━━━━━━━━━━━━━━━ 4.5/4.5 MB 6.4 MB/s  0:00:00

Downloading cffi-2.0.0-cp312-cp312-manylinux2014_x86_64.manylinux_2_17_x86_64.whl (219 kB)
Downloading ecdsa-0.19.1-py2.py3-none-any.whl (150 kB)
Downloading greenlet-3.2.4-cp312-cp312-manylinux_2_24_x86_64.manylinux_2_28_x86_64.whl (607 kB)
   ━━━━━━━━━━━━━━━━━━━━━━━━━━━━━━━━━━━━━━━━ 607.6/607.6 kB 5.8 MB/s  0:00:00

Using cached h11-0.16.0-py3-none-any.whl (37 kB)
Using cached httptools-0.7.1-cp312-cp312-manylinux1_x86_64.manylinux_2_28_x86_64.manylinux_2_5_x86_64.whl (517 kB)
Using cached idna-3.11-py3-none-any.whl (71 kB)
Downloading joblib-1.5.2-py3-none-any.whl (308 kB)
Using cached markupsafe-3.0.3-cp312-cp312-manylinux2014_x86_64.manylinux_2_17_x86_64.manylinux_2_28_x86_64.whl (22 kB)
Downloading prompt_toolkit-3.0.52-py3-none-any.whl (391 kB)
Using cached python_dateutil-2.9.0.post0-py2.py3-none-any.whl (229 kB)
Using cached pytz-2025.2-py2.py3-none-any.whl (509 kB)
Using cached pyyaml-6.0.3-cp312-cp312-manylinux2014_x86_64.manylinux_2_17_x86_64.manylinux_2_28_x86_64.whl (807 kB)
Downloading scipy-1.16.3-cp312-cp312-manylinux2014_x86_64.manylinux_2_17_x86_64.whl (35.7 MB)
   ━━━━━━━━━━━━━━━━━━━━━━━━━━━━━━━━━━━━━━━━ 35.7/35.7 MB 4.6 MB/s  0:00:07

Using cached six-1.17.0-py2.py3-none-any.whl (11 kB)
Using cached sniffio-1.3.1-py3-none-any.whl (10 kB)
Downloading threadpoolctl-3.6.0-py3-none-any.whl (18 kB)
Using cached typing_extensions-4.15.0-py3-none-any.whl (44 kB)
Using cached tzdata-2025.2-py2.py3-none-any.whl (347 kB)
Using cached uvloop-0.22.1-cp312-cp312-manylinux2014_x86_64.manylinux_2_17_x86_64.manylinux_2_28_x86_64.whl (4.4 MB)
Using cached watchfiles-1.1.1-cp312-cp312-manylinux_2_17_x86_64.manylinux2014_x86_64.whl (456 kB)
Using cached async_timeout-5.0.1-py3-none-any.whl (6.2 kB)
Using cached certifi-2025.11.12-py3-none-any.whl (159 kB)
Using cached iniconfig-2.3.0-py3-none-any.whl (7.5 kB)
Downloading mako-1.3.10-py3-none-any.whl (78 kB)
Using cached packaging-25.0-py3-none-any.whl (66 kB)
Downloading pyasn1-0.6.1-py3-none-any.whl (83 kB)
Downloading pycparser-2.23-py3-none-any.whl (118 kB)
Downloading rsa-4.9.1-py3-none-any.whl (34 kB)
Downloading wcwidth-0.2.14-py2.py3-none-any.whl (37 kB)
Installing collected packages: pytz, passlib, websockets, wcwidth, vine, uvloop, tzdata, typing-extensions, threadpoolctl, structlog, sniffio, six, redis, pyyaml, python-multipart, python-dotenv, pycparser, pyasn1, psycopg2-binary, pluggy, packaging, numpy, MarkupSafe, joblib, iniconfig, idna, httptools, h11, greenlet, click, certifi, billiard, bcrypt, asyncpg, async-timeout, annotated-types, aiofiles, uvicorn, sqlalchemy, scipy, rsa, python-dateutil, pytest, pydantic-core, prompt-toolkit, Mako, Jinja2, httpcore, ecdsa, click-plugins, click-didyoumean, cffi, anyio, amqp, aioredis, watchfiles, starlette, scikit-learn, python-jose, pytest-asyncio, pydantic, pandas, kombu, httpx, cryptography, click-repl, alembic, pydantic-settings, fastapi, celery


Successfully installed Jinja2-3.1.2 Mako-1.3.10 MarkupSafe-3.0.3 aiofiles-23.2.1 aioredis-2.0.1 alembic-1.12.1 amqp-5.3.1 annotated-types-0.7.0 anyio-3.7.1 async-timeout-5.0.1 asyncpg-0.29.0 bcrypt-5.0.0 billiard-4.2.2 celery-5.3.4 certifi-2025.11.12 cffi-2.0.0 click-8.3.0 click-didyoumean-0.3.1 click-plugins-1.1.1.2 click-repl-0.3.0 cryptography-46.0.3 ecdsa-0.19.1 fastapi-0.104.1 greenlet-3.2.4 h11-0.16.0 httpcore-1.0.9 httptools-0.7.1 httpx-0.25.2 idna-3.11 iniconfig-2.3.0 joblib-1.5.2 kombu-5.3.4 numpy-1.26.0 packaging-25.0 pandas-2.2.0 passlib-1.7.4 pluggy-1.6.0 prompt-toolkit-3.0.52 psycopg2-binary-2.9.9 pyasn1-0.6.1 pycparser-2.23 pydantic-2.5.0 pydantic-core-2.14.1 pydantic-settings-2.1.0 pytest-7.4.3 pytest-asyncio-0.21.1 python-dateutil-2.9.0.post0 python-dotenv-1.0.0 python-jose-3.3.0 python-multipart-0.0.6 pytz-2025.2 pyyaml-6.0.3 redis-5.0.1 rsa-4.9.1 scikit-learn-1.4.0 scipy-1.16.3 six-1.17.0 sniffio-1.3.1 sqlalchemy-2.0.23 starlette-0.27.0 structlog-23.2.0 threadpoolctl-3.6.0 typing-extensions-4.15.0 tzdata-2025.2 uvicorn-0.24.0 uvloop-0.22.1 vine-5.1.0 watchfiles-1.1.1 wcwidth-0.2.14 websockets-12.0
[0;32m[INFO][0m Backend dependencies installed
[0;34m🔧 Creating Backend Application Files...[0m
[0;32m[INFO][0m Backend application files created
[0;34m⚛️ Creating React Frontend Application...[0m
npm WARN deprecated @babel/plugin-proposal-numeric-separator@7.18.6: This proposal has been merged to the ECMAScript standard and thus this plugin is no longer maintained. Please use @babel/plugin-transform-numeric-separator instead.
npm WARN deprecated @babel/plugin-proposal-private-methods@7.18.6: This proposal has been merged to the ECMAScript standard and thus this plugin is no longer maintained. Please use @babel/plugin-transform-private-methods instead.
npm WARN deprecated @babel/plugin-proposal-nullish-coalescing-operator@7.18.6: This proposal has been merged to the ECMAScript standard and thus this plugin is no longer maintained. Please use @babel/plugin-transform-nullish-coalescing-operator instead.
npm WARN deprecated inflight@1.0.6: This module is not supported, and leaks memory. Do not use it. Check out lru-cache if you want a good and tested way to coalesce async requests by a key value, which is much more comprehensive and powerful.
npm WARN deprecated @babel/plugin-proposal-class-properties@7.18.6: This proposal has been merged to the ECMAScript standard and thus this plugin is no longer maintained. Please use @babel/plugin-transform-class-properties instead.
npm WARN deprecated stable@0.1.8: Modern JS already guarantees Array#sort() is a stable sort, so this library is deprecated. See the compatibility table on MDN: https://developer.mozilla.org/en-US/docs/Web/JavaScript/Reference/Global_Objects/Array/sort#browser_compatibility
npm WARN deprecated @babel/plugin-proposal-optional-chaining@7.21.0: This proposal has been merged to the ECMAScript standard and thus this plugin is no longer maintained. Please use @babel/plugin-transform-optional-chaining instead.
npm WARN deprecated rollup-plugin-terser@7.0.2: This package has been deprecated and is no longer maintained. Please use @rollup/plugin-terser
npm WARN deprecated @humanwhocodes/config-array@0.13.0: Use @eslint/config-array instead
npm WARN deprecated rimraf@3.0.2: Rimraf versions prior to v4 are no longer supported
npm WARN deprecated abab@2.0.6: Use your platform's native atob() and btoa() methods instead
npm WARN deprecated @babel/plugin-proposal-private-property-in-object@7.21.11: This proposal has been merged to the ECMAScript standard and thus this plugin is no longer maintained. Please use @babel/plugin-transform-private-property-in-object instead.
npm WARN deprecated glob@7.2.3: Glob versions prior to v9 are no longer supported
npm WARN deprecated @humanwhocodes/object-schema@2.0.3: Use @eslint/object-schema instead
npm WARN deprecated domexception@2.0.1: Use your platform's native DOMException instead
npm WARN deprecated q@1.5.1: You or someone you depend on is using Q, the JavaScript Promise library that gave JavaScript developers strong feelings about promises. They can almost certainly migrate to the native JavaScript promise now. Thank you literally everyone for joining me in this bet against the odds. Be excellent to each other.
npm WARN deprecated 
npm WARN deprecated (For a CapTP with native promises, see @endo/eventual-send and @endo/captp)
npm WARN deprecated w3c-hr-time@1.0.2: Use your platform's native performance.now() and performance.timeOrigin.
npm WARN deprecated sourcemap-codec@1.4.8: Please use @jridgewell/sourcemap-codec instead
npm WARN deprecated workbox-cacheable-response@6.6.0: workbox-background-sync@6.6.0
npm WARN deprecated source-map@0.8.0-beta.0: The work that was done in this beta branch won't be included in future versions
npm WARN deprecated workbox-google-analytics@6.6.0: It is not compatible with newer versions of GA starting with v4, as long as you are using GAv3 it should be ok, but the package is not longer being maintained
npm WARN deprecated svgo@1.3.2: This SVGO version is no longer supported. Upgrade to v2.x.x.
npm WARN deprecated eslint@8.57.1: This version is no longer supported. Please see https://eslint.org/version-support for other options.

added 1398 packages, and audited 1399 packages in 1m

278 packages are looking for funding
  run `npm fund` for details

27 vulnerabilities (24 moderate, 3 high)

To address issues that do not require attention, run:
  npm audit fix

To address all issues (including breaking changes), run:
  npm audit fix --force

Run `npm audit` for details.
[0;32m[INFO][0m Frontend dependencies installed
[0;34m🐳 Creating Docker Configuration...[0m
[0;34m🧪 Creating Test Suite...[0m
[0;34m🔧 Building and Testing System...[0m
🔨 Building Error Tracking System...
📦 Installing backend dependencies...
Requirement already satisfied: fastapi==0.104.1 in ./venv/lib/python3.12/site-packages (from -r backend/requirements.txt (line 1)) (0.104.1)
Requirement already satisfied: uvicorn==0.24.0 in ./venv/lib/python3.12/site-packages (from uvicorn[standard]==0.24.0->-r backend/requirements.txt (line 2)) (0.24.0)
Requirement already satisfied: sqlalchemy==2.0.23 in ./venv/lib/python3.12/site-packages (from -r backend/requirements.txt (line 3)) (2.0.23)
Requirement already satisfied: alembic==1.12.1 in ./venv/lib/python3.12/site-packages (from -r backend/requirements.txt (line 4)) (1.12.1)
Requirement already satisfied: psycopg2-binary==2.9.9 in ./venv/lib/python3.12/site-packages (from -r backend/requirements.txt (line 5)) (2.9.9)
Requirement already satisfied: redis==5.0.1 in ./venv/lib/python3.12/site-packages (from -r backend/requirements.txt (line 6)) (5.0.1)
Requirement already satisfied: pydantic==2.5.0 in ./venv/lib/python3.12/site-packages (from -r backend/requirements.txt (line 7)) (2.5.0)
Requirement already satisfied: pydantic-settings==2.1.0 in ./venv/lib/python3.12/site-packages (from -r backend/requirements.txt (line 8)) (2.1.0)
Requirement already satisfied: python-multipart==0.0.6 in ./venv/lib/python3.12/site-packages (from -r backend/requirements.txt (line 9)) (0.0.6)
Requirement already satisfied: python-jose==3.3.0 in ./venv/lib/python3.12/site-packages (from python-jose[cryptography]==3.3.0->-r backend/requirements.txt (line 10)) (3.3.0)
Requirement already satisfied: passlib==1.7.4 in ./venv/lib/python3.12/site-packages (from passlib[bcrypt]==1.7.4->-r backend/requirements.txt (line 11)) (1.7.4)
Requirement already satisfied: aioredis==2.0.1 in ./venv/lib/python3.12/site-packages (from -r backend/requirements.txt (line 12)) (2.0.1)
Requirement already satisfied: asyncpg==0.29.0 in ./venv/lib/python3.12/site-packages (from -r backend/requirements.txt (line 13)) (0.29.0)
Requirement already satisfied: pytest==7.4.3 in ./venv/lib/python3.12/site-packages (from -r backend/requirements.txt (line 14)) (7.4.3)
Requirement already satisfied: pytest-asyncio==0.21.1 in ./venv/lib/python3.12/site-packages (from -r backend/requirements.txt (line 15)) (0.21.1)
Requirement already satisfied: httpx==0.25.2 in ./venv/lib/python3.12/site-packages (from -r backend/requirements.txt (line 16)) (0.25.2)
Requirement already satisfied: structlog==23.2.0 in ./venv/lib/python3.12/site-packages (from -r backend/requirements.txt (line 17)) (23.2.0)
Requirement already satisfied: scikit-learn==1.4.0 in ./venv/lib/python3.12/site-packages (from -r backend/requirements.txt (line 18)) (1.4.0)
Requirement already satisfied: numpy==1.26.0 in ./venv/lib/python3.12/site-packages (from -r backend/requirements.txt (line 19)) (1.26.0)
Requirement already satisfied: pandas==2.2.0 in ./venv/lib/python3.12/site-packages (from -r backend/requirements.txt (line 20)) (2.2.0)
Requirement already satisfied: celery==5.3.4 in ./venv/lib/python3.12/site-packages (from -r backend/requirements.txt (line 21)) (5.3.4)
Requirement already satisfied: kombu==5.3.4 in ./venv/lib/python3.12/site-packages (from -r backend/requirements.txt (line 22)) (5.3.4)
Requirement already satisfied: aiofiles==23.2.1 in ./venv/lib/python3.12/site-packages (from -r backend/requirements.txt (line 23)) (23.2.1)
Requirement already satisfied: Jinja2==3.1.2 in ./venv/lib/python3.12/site-packages (from -r backend/requirements.txt (line 24)) (3.1.2)
Requirement already satisfied: python-dotenv==1.0.0 in ./venv/lib/python3.12/site-packages (from -r backend/requirements.txt (line 25)) (1.0.0)
Requirement already satisfied: websockets==12.0 in ./venv/lib/python3.12/site-packages (from -r backend/requirements.txt (line 26)) (12.0)
Requirement already satisfied: anyio<4.0.0,>=3.7.1 in ./venv/lib/python3.12/site-packages (from fastapi==0.104.1->-r backend/requirements.txt (line 1)) (3.7.1)
Requirement already satisfied: starlette<0.28.0,>=0.27.0 in ./venv/lib/python3.12/site-packages (from fastapi==0.104.1->-r backend/requirements.txt (line 1)) (0.27.0)
Requirement already satisfied: typing-extensions>=4.8.0 in ./venv/lib/python3.12/site-packages (from fastapi==0.104.1->-r backend/requirements.txt (line 1)) (4.15.0)
Requirement already satisfied: annotated-types>=0.4.0 in ./venv/lib/python3.12/site-packages (from pydantic==2.5.0->-r backend/requirements.txt (line 7)) (0.7.0)
Requirement already satisfied: pydantic-core==2.14.1 in ./venv/lib/python3.12/site-packages (from pydantic==2.5.0->-r backend/requirements.txt (line 7)) (2.14.1)
Requirement already satisfied: click>=7.0 in ./venv/lib/python3.12/site-packages (from uvicorn==0.24.0->uvicorn[standard]==0.24.0->-r backend/requirements.txt (line 2)) (8.3.0)
Requirement already satisfied: h11>=0.8 in ./venv/lib/python3.12/site-packages (from uvicorn==0.24.0->uvicorn[standard]==0.24.0->-r backend/requirements.txt (line 2)) (0.16.0)
Requirement already satisfied: greenlet!=0.4.17 in ./venv/lib/python3.12/site-packages (from sqlalchemy==2.0.23->-r backend/requirements.txt (line 3)) (3.2.4)
Requirement already satisfied: Mako in ./venv/lib/python3.12/site-packages (from alembic==1.12.1->-r backend/requirements.txt (line 4)) (1.3.10)
Requirement already satisfied: ecdsa!=0.15 in ./venv/lib/python3.12/site-packages (from python-jose==3.3.0->python-jose[cryptography]==3.3.0->-r backend/requirements.txt (line 10)) (0.19.1)
Requirement already satisfied: rsa in ./venv/lib/python3.12/site-packages (from python-jose==3.3.0->python-jose[cryptography]==3.3.0->-r backend/requirements.txt (line 10)) (4.9.1)
Requirement already satisfied: pyasn1 in ./venv/lib/python3.12/site-packages (from python-jose==3.3.0->python-jose[cryptography]==3.3.0->-r backend/requirements.txt (line 10)) (0.6.1)
Requirement already satisfied: async-timeout in ./venv/lib/python3.12/site-packages (from aioredis==2.0.1->-r backend/requirements.txt (line 12)) (5.0.1)
Requirement already satisfied: iniconfig in ./venv/lib/python3.12/site-packages (from pytest==7.4.3->-r backend/requirements.txt (line 14)) (2.3.0)
Requirement already satisfied: packaging in ./venv/lib/python3.12/site-packages (from pytest==7.4.3->-r backend/requirements.txt (line 14)) (25.0)
Requirement already satisfied: pluggy<2.0,>=0.12 in ./venv/lib/python3.12/site-packages (from pytest==7.4.3->-r backend/requirements.txt (line 14)) (1.6.0)
Requirement already satisfied: certifi in ./venv/lib/python3.12/site-packages (from httpx==0.25.2->-r backend/requirements.txt (line 16)) (2025.11.12)
Requirement already satisfied: httpcore==1.* in ./venv/lib/python3.12/site-packages (from httpx==0.25.2->-r backend/requirements.txt (line 16)) (1.0.9)
Requirement already satisfied: idna in ./venv/lib/python3.12/site-packages (from httpx==0.25.2->-r backend/requirements.txt (line 16)) (3.11)
Requirement already satisfied: sniffio in ./venv/lib/python3.12/site-packages (from httpx==0.25.2->-r backend/requirements.txt (line 16)) (1.3.1)
Requirement already satisfied: scipy>=1.6.0 in ./venv/lib/python3.12/site-packages (from scikit-learn==1.4.0->-r backend/requirements.txt (line 18)) (1.16.3)
Requirement already satisfied: joblib>=1.2.0 in ./venv/lib/python3.12/site-packages (from scikit-learn==1.4.0->-r backend/requirements.txt (line 18)) (1.5.2)
Requirement already satisfied: threadpoolctl>=2.0.0 in ./venv/lib/python3.12/site-packages (from scikit-learn==1.4.0->-r backend/requirements.txt (line 18)) (3.6.0)
Requirement already satisfied: python-dateutil>=2.8.2 in ./venv/lib/python3.12/site-packages (from pandas==2.2.0->-r backend/requirements.txt (line 20)) (2.9.0.post0)
Requirement already satisfied: pytz>=2020.1 in ./venv/lib/python3.12/site-packages (from pandas==2.2.0->-r backend/requirements.txt (line 20)) (2025.2)
Requirement already satisfied: tzdata>=2022.7 in ./venv/lib/python3.12/site-packages (from pandas==2.2.0->-r backend/requirements.txt (line 20)) (2025.2)
Requirement already satisfied: billiard<5.0,>=4.1.0 in ./venv/lib/python3.12/site-packages (from celery==5.3.4->-r backend/requirements.txt (line 21)) (4.2.2)
Requirement already satisfied: vine<6.0,>=5.0.0 in ./venv/lib/python3.12/site-packages (from celery==5.3.4->-r backend/requirements.txt (line 21)) (5.1.0)
Requirement already satisfied: click-didyoumean>=0.3.0 in ./venv/lib/python3.12/site-packages (from celery==5.3.4->-r backend/requirements.txt (line 21)) (0.3.1)
Requirement already satisfied: click-repl>=0.2.0 in ./venv/lib/python3.12/site-packages (from celery==5.3.4->-r backend/requirements.txt (line 21)) (0.3.0)
Requirement already satisfied: click-plugins>=1.1.1 in ./venv/lib/python3.12/site-packages (from celery==5.3.4->-r backend/requirements.txt (line 21)) (1.1.1.2)
Requirement already satisfied: amqp<6.0.0,>=5.1.1 in ./venv/lib/python3.12/site-packages (from kombu==5.3.4->-r backend/requirements.txt (line 22)) (5.3.1)
Requirement already satisfied: MarkupSafe>=2.0 in ./venv/lib/python3.12/site-packages (from Jinja2==3.1.2->-r backend/requirements.txt (line 24)) (3.0.3)
Requirement already satisfied: bcrypt>=3.1.0 in ./venv/lib/python3.12/site-packages (from passlib[bcrypt]==1.7.4->-r backend/requirements.txt (line 11)) (5.0.0)
Requirement already satisfied: cryptography>=3.4.0 in ./venv/lib/python3.12/site-packages (from python-jose[cryptography]==3.3.0->-r backend/requirements.txt (line 10)) (46.0.3)
Requirement already satisfied: httptools>=0.5.0 in ./venv/lib/python3.12/site-packages (from uvicorn[standard]==0.24.0->-r backend/requirements.txt (line 2)) (0.7.1)
Requirement already satisfied: pyyaml>=5.1 in ./venv/lib/python3.12/site-packages (from uvicorn[standard]==0.24.0->-r backend/requirements.txt (line 2)) (6.0.3)
Requirement already satisfied: uvloop!=0.15.0,!=0.15.1,>=0.14.0 in ./venv/lib/python3.12/site-packages (from uvicorn[standard]==0.24.0->-r backend/requirements.txt (line 2)) (0.22.1)
Requirement already satisfied: watchfiles>=0.13 in ./venv/lib/python3.12/site-packages (from uvicorn[standard]==0.24.0->-r backend/requirements.txt (line 2)) (1.1.1)
Requirement already satisfied: prompt-toolkit>=3.0.36 in ./venv/lib/python3.12/site-packages (from click-repl>=0.2.0->celery==5.3.4->-r backend/requirements.txt (line 21)) (3.0.52)
Requirement already satisfied: cffi>=2.0.0 in ./venv/lib/python3.12/site-packages (from cryptography>=3.4.0->python-jose[cryptography]==3.3.0->-r backend/requirements.txt (line 10)) (2.0.0)
Requirement already satisfied: pycparser in ./venv/lib/python3.12/site-packages (from cffi>=2.0.0->cryptography>=3.4.0->python-jose[cryptography]==3.3.0->-r backend/requirements.txt (line 10)) (2.23)
Requirement already satisfied: six>=1.9.0 in ./venv/lib/python3.12/site-packages (from ecdsa!=0.15->python-jose==3.3.0->python-jose[cryptography]==3.3.0->-r backend/requirements.txt (line 10)) (1.17.0)
Requirement already satisfied: wcwidth in ./venv/lib/python3.12/site-packages (from prompt-toolkit>=3.0.36->click-repl>=0.2.0->celery==5.3.4->-r backend/requirements.txt (line 21)) (0.2.14)
📦 Installing frontend dependencies...

changed 1 package, and audited 1399 packages in 5s

278 packages are looking for funding
  run `npm fund` for details

27 vulnerabilities (24 moderate, 3 high)

To address issues that do not require attention, run:
  npm audit fix

To address all issues (including breaking changes), run:
  npm audit fix --force

Run `npm audit` for details.
✅ Build completed successfully!
🧪 Running Error Tracking System Tests...
🔧 Running backend tests...
============================= test session starts ==============================
platform linux -- Python 3.12.3, pytest-7.4.3, pluggy-1.6.0 -- /home/systemdr/git/course/day132/error-tracking-system/venv/bin/python
cachedir: .pytest_cache
rootdir: /home/systemdr/git/course/day132/error-tracking-system/backend
plugins: asyncio-0.21.1, anyio-3.7.1
asyncio: mode=Mode.STRICT
collecting ... collected 5 items

tests/test_fingerprinting.py::test_generate_fingerprint PASSED           [ 20%]
tests/test_fingerprinting.py::test_fingerprint_consistency PASSED        [ 40%]
tests/test_fingerprinting.py::test_normalize_message PASSED              [ 60%]
tests/test_fingerprinting.py::test_calculate_similarity PASSED           [ 80%]
tests/test_grouping.py::test_process_error FAILED                        [100%]

=================================== FAILURES ===================================
______________________________ test_process_error ______________________________
tests/test_grouping.py:28: in test_process_error
    result = await grouping_service.process_error(mock_session, error_data)
app/services/grouping.py:48: in process_error
    await self._update_group_stats(session, group)
app/services/grouping.py:86: in _update_group_stats
    group.count += 1
E   TypeError: unsupported operand type(s) for +=: 'NoneType' and 'int'
=============================== warnings summary ===============================
../venv/lib/python3.12/site-packages/pydantic/_internal/_config.py:268
  /home/systemdr/git/course/day132/error-tracking-system/venv/lib/python3.12/site-packages/pydantic/_internal/_config.py:268: PydanticDeprecatedSince20: Support for class-based `config` is deprecated, use ConfigDict instead. Deprecated in Pydantic V2.0 to be removed in V3.0. See Pydantic V2 Migration Guide at https://errors.pydantic.dev/2.5/migration/
    warnings.warn(DEPRECATION_MESSAGE, DeprecationWarning)

app/core/database.py:22
  /home/systemdr/git/course/day132/error-tracking-system/backend/app/core/database.py:22: MovedIn20Warning: The ``declarative_base()`` function is now available as sqlalchemy.orm.declarative_base(). (deprecated since: 2.0) (Background on SQLAlchemy 2.0 at: https://sqlalche.me/e/b8d9)
    Base = declarative_base()

tests/test_grouping.py::test_process_error
  /home/systemdr/git/course/day132/error-tracking-system/backend/app/services/grouping.py:80: RuntimeWarning: coroutine 'AsyncMockMixin._execute_mock_call' was never awaited
    session.add(group)
  Enable tracemalloc to get traceback where the object was allocated.
  See https://docs.pytest.org/en/stable/how-to/capture-warnings.html#resource-warnings for more info.

tests/test_grouping.py::test_process_error
  /home/systemdr/git/course/day132/error-tracking-system/backend/app/services/grouping.py:45: RuntimeWarning: coroutine 'AsyncMockMixin._execute_mock_call' was never awaited
    session.add(error)
  Enable tracemalloc to get traceback where the object was allocated.
  See https://docs.pytest.org/en/stable/how-to/capture-warnings.html#resource-warnings for more info.

-- Docs: https://docs.pytest.org/en/stable/how-to/capture-warnings.html
=========================== short test summary info ============================
FAILED tests/test_grouping.py::test_process_error - TypeError: unsupported op...
=================== 1 failed, 4 passed, 4 warnings in 0.51s ====================
❌ Some tests failed!
[1;33m[WARN][0m Some tests failed, continuing...
[0;34m🎭 Running Demo...[0m
[0;32m[INFO][0m Starting services with Docker Compose...
time="2025-11-15T09:29:17Z" level=warning msg="/home/systemdr/git/course/day132/error-tracking-system/docker-compose.yml: the attribute `version` is obsolete, it will be ignored, please remove it to avoid potential confusion"
#1 [internal] load local bake definitions
#1 reading from stdin 1.13kB done
#1 DONE 0.0s

#2 [backend internal] load build definition from backend.Dockerfile
#2 transferring dockerfile:
#2 transferring dockerfile: 496B 0.0s done
#2 DONE 0.2s

#3 [frontend internal] load build definition from frontend.Dockerfile
#3 transferring dockerfile: 247B 0.0s done
#3 DONE 0.2s

#4 [backend internal] load metadata for docker.io/library/python:3.11-slim
#4 DONE 0.1s

#5 [frontend internal] load metadata for docker.io/library/node:18-alpine
#5 DONE 0.1s

#6 [frontend internal] load .dockerignore
#6 transferring context: 232B done
#6 DONE 0.0s

#7 [backend internal] load build context
#7 transferring context: 63.52kB 0.0s done
#7 DONE 0.1s

#8 [frontend 1/5] FROM docker.io/library/node:18-alpine@sha256:8d6421d663b4c28fd3ebc498332f249011d118945588d0a35cb9bc4b8ca09d9e
#8 resolve docker.io/library/node:18-alpine@sha256:8d6421d663b4c28fd3ebc498332f249011d118945588d0a35cb9bc4b8ca09d9e 0.1s done
#8 DONE 0.1s

#9 [backend 1/6] FROM docker.io/library/python:3.11-slim@sha256:91e9d01cf4bd56be7128c603506b6fe367ef7506f9f2ad8f3a908aeec8941bb9
#9 resolve docker.io/library/python:3.11-slim@sha256:91e9d01cf4bd56be7128c603506b6fe367ef7506f9f2ad8f3a908aeec8941bb9 0.1s done
#9 DONE 0.1s

#10 [backend 2/6] WORKDIR /app
#10 CACHED

#11 [backend 3/6] RUN apt-get update && apt-get install -y     gcc     libpq-dev     && rm -rf /var/lib/apt/lists/*
#11 CACHED

#12 [frontend internal] load build context
#12 ...

#13 [backend 4/6] COPY backend/requirements.txt .
#13 DONE 0.1s

#12 [frontend internal] load build context
#12 transferring context: 80.55MB 5.1s
#12 transferring context: 136.01MB 10.3s
#12 ...

#14 [backend 5/6] RUN pip install --no-cache-dir -r requirements.txt
#14 5.112 Collecting fastapi==0.104.1 (from -r requirements.txt (line 1))
#14 5.175   Downloading fastapi-0.104.1-py3-none-any.whl.metadata (24 kB)
#14 5.284 Collecting uvicorn==0.24.0 (from uvicorn[standard]==0.24.0->-r requirements.txt (line 2))
#14 5.307   Downloading uvicorn-0.24.0-py3-none-any.whl.metadata (6.4 kB)
#14 5.974 Collecting sqlalchemy==2.0.23 (from -r requirements.txt (line 3))
#14 5.996   Downloading SQLAlchemy-2.0.23-cp311-cp311-manylinux_2_17_x86_64.manylinux2014_x86_64.whl.metadata (9.6 kB)
#14 6.128 Collecting alembic==1.12.1 (from -r requirements.txt (line 4))
#14 6.153   Downloading alembic-1.12.1-py3-none-any.whl.metadata (7.3 kB)
#14 6.302 Collecting psycopg2-binary==2.9.9 (from -r requirements.txt (line 5))
#14 6.325   Downloading psycopg2_binary-2.9.9-cp311-cp311-manylinux_2_17_x86_64.manylinux2014_x86_64.whl.metadata (4.4 kB)
#14 6.432 Collecting redis==5.0.1 (from -r requirements.txt (line 6))
#14 6.456   Downloading redis-5.0.1-py3-none-any.whl.metadata (8.9 kB)
#14 6.878 Collecting pydantic==2.5.0 (from -r requirements.txt (line 7))
#14 6.908   Downloading pydantic-2.5.0-py3-none-any.whl.metadata (174 kB)
#14 6.941      ━━━━━━━━━━━━━━━━━━━━━━━━━━━━━━━━━━━━━━━ 174.6/174.6 kB 6.8 MB/s eta 0:00:00
#14 7.024 Collecting pydantic-settings==2.1.0 (from -r requirements.txt (line 8))
#14 7.056   Downloading pydantic_settings-2.1.0-py3-none-any.whl.metadata (2.9 kB)
#14 7.098 Collecting python-multipart==0.0.6 (from -r requirements.txt (line 9))
#14 7.145   Downloading python_multipart-0.0.6-py3-none-any.whl.metadata (2.5 kB)
#14 7.176 Collecting python-jose==3.3.0 (from python-jose[cryptography]==3.3.0->-r requirements.txt (line 10))
#14 7.199   Downloading python_jose-3.3.0-py2.py3-none-any.whl.metadata (5.4 kB)
#14 7.247 Collecting passlib==1.7.4 (from passlib[bcrypt]==1.7.4->-r requirements.txt (line 11))
#14 7.262   Downloading passlib-1.7.4-py2.py3-none-any.whl.metadata (1.7 kB)
#14 7.330 Collecting aioredis==2.0.1 (from -r requirements.txt (line 12))
#14 7.352   Downloading aioredis-2.0.1-py3-none-any.whl.metadata (15 kB)
#14 7.507 Collecting asyncpg==0.29.0 (from -r requirements.txt (line 13))
#14 7.543   Downloading asyncpg-0.29.0-cp311-cp311-manylinux_2_17_x86_64.manylinux2014_x86_64.whl.metadata (4.4 kB)
#14 7.681 Collecting pytest==7.4.3 (from -r requirements.txt (line 14))
#14 7.708   Downloading pytest-7.4.3-py3-none-any.whl.metadata (7.9 kB)
#14 7.804 Collecting pytest-asyncio==0.21.1 (from -r requirements.txt (line 15))
#14 7.828   Downloading pytest_asyncio-0.21.1-py3-none-any.whl.metadata (4.0 kB)
#14 7.912 Collecting httpx==0.25.2 (from -r requirements.txt (line 16))
#14 7.936   Downloading httpx-0.25.2-py3-none-any.whl.metadata (6.9 kB)
#14 8.008 Collecting structlog==23.2.0 (from -r requirements.txt (line 17))
#14 8.028   Downloading structlog-23.2.0-py3-none-any.whl.metadata (7.6 kB)
#14 8.242 Collecting scikit-learn==1.4.0 (from -r requirements.txt (line 18))
#14 8.273   Downloading scikit_learn-1.4.0-1-cp311-cp311-manylinux_2_17_x86_64.manylinux2014_x86_64.whl.metadata (11 kB)
#14 8.896 Collecting numpy==1.26.0 (from -r requirements.txt (line 19))
#14 8.908   Downloading numpy-1.26.0-cp311-cp311-manylinux_2_17_x86_64.manylinux2014_x86_64.whl.metadata (58 kB)
#14 8.928      ━━━━━━━━━━━━━━━━━━━━━━━━━━━━━━━━━━━━━━━━ 58.5/58.5 kB 6.1 MB/s eta 0:00:00
#14 9.471 Collecting pandas==2.2.0 (from -r requirements.txt (line 20))
#14 9.503   Downloading pandas-2.2.0-cp311-cp311-manylinux_2_17_x86_64.manylinux2014_x86_64.whl.metadata (19 kB)
#14 9.637 Collecting celery==5.3.4 (from -r requirements.txt (line 21))
#14 9.655   Downloading celery-5.3.4-py3-none-any.whl.metadata (21 kB)
#14 9.828 Collecting kombu==5.3.4 (from -r requirements.txt (line 22))
#14 9.845   Downloading kombu-5.3.4-py3-none-any.whl.metadata (3.1 kB)
#14 9.902 Collecting aiofiles==23.2.1 (from -r requirements.txt (line 23))
#14 9.917   Downloading aiofiles-23.2.1-py3-none-any.whl.metadata (9.7 kB)
#14 9.981 Collecting Jinja2==3.1.2 (from -r requirements.txt (line 24))
#14 10.01   Downloading Jinja2-3.1.2-py3-none-any.whl.metadata (3.5 kB)
#14 10.04 Collecting python-dotenv==1.0.0 (from -r requirements.txt (line 25))
#14 10.06   Downloading python_dotenv-1.0.0-py3-none-any.whl.metadata (21 kB)
#14 10.30 Collecting websockets==12.0 (from -r requirements.txt (line 26))
#14 ...

#12 [frontend internal] load build context
#12 transferring context: 291.74MB 15.1s done
#12 DONE 15.4s

#14 [backend 5/6] RUN pip install --no-cache-dir -r requirements.txt
#14 10.32   Downloading websockets-12.0-cp311-cp311-manylinux_2_5_x86_64.manylinux1_x86_64.manylinux_2_17_x86_64.manylinux2014_x86_64.whl.metadata (6.6 kB)
#14 10.40 Collecting anyio<4.0.0,>=3.7.1 (from fastapi==0.104.1->-r requirements.txt (line 1))
#14 10.44   Downloading anyio-3.7.1-py3-none-any.whl.metadata (4.7 kB)
#14 10.55 Collecting starlette<0.28.0,>=0.27.0 (from fastapi==0.104.1->-r requirements.txt (line 1))
#14 10.58   Downloading starlette-0.27.0-py3-none-any.whl.metadata (5.8 kB)
#14 10.63 Collecting typing-extensions>=4.8.0 (from fastapi==0.104.1->-r requirements.txt (line 1))
#14 10.66   Downloading typing_extensions-4.15.0-py3-none-any.whl.metadata (3.3 kB)
#14 10.73 Collecting click>=7.0 (from uvicorn==0.24.0->uvicorn[standard]==0.24.0->-r requirements.txt (line 2))
#14 10.75   Downloading click-8.3.0-py3-none-any.whl.metadata (2.6 kB)
#14 10.79 Collecting h11>=0.8 (from uvicorn==0.24.0->uvicorn[standard]==0.24.0->-r requirements.txt (line 2))
#14 10.80   Downloading h11-0.16.0-py3-none-any.whl.metadata (8.3 kB)
#14 11.19 Collecting greenlet!=0.4.17 (from sqlalchemy==2.0.23->-r requirements.txt (line 3))
#14 11.21   Downloading greenlet-3.2.4-cp311-cp311-manylinux_2_24_x86_64.manylinux_2_28_x86_64.whl.metadata (4.1 kB)
#14 11.34 Collecting Mako (from alembic==1.12.1->-r requirements.txt (line 4))
#14 11.37   Downloading mako-1.3.10-py3-none-any.whl.metadata (2.9 kB)
#14 11.47 Collecting annotated-types>=0.4.0 (from pydantic==2.5.0->-r requirements.txt (line 7))
#14 11.50   Downloading annotated_types-0.7.0-py3-none-any.whl.metadata (15 kB)
#14 13.51 Collecting pydantic-core==2.14.1 (from pydantic==2.5.0->-r requirements.txt (line 7))
#14 13.52   Downloading pydantic_core-2.14.1-cp311-cp311-manylinux_2_17_x86_64.manylinux2014_x86_64.whl.metadata (6.5 kB)
#14 13.77 Collecting ecdsa!=0.15 (from python-jose==3.3.0->python-jose[cryptography]==3.3.0->-r requirements.txt (line 10))
#14 13.81   Downloading ecdsa-0.19.1-py2.py3-none-any.whl.metadata (29 kB)
#14 13.88 Collecting rsa (from python-jose==3.3.0->python-jose[cryptography]==3.3.0->-r requirements.txt (line 10))
#14 13.98   Downloading rsa-4.9.1-py3-none-any.whl.metadata (5.6 kB)
#14 14.09 Collecting pyasn1 (from python-jose==3.3.0->python-jose[cryptography]==3.3.0->-r requirements.txt (line 10))
#14 14.12   Downloading pyasn1-0.6.1-py3-none-any.whl.metadata (8.4 kB)
#14 14.19 Collecting async-timeout (from aioredis==2.0.1->-r requirements.txt (line 12))
#14 14.21   Downloading async_timeout-5.0.1-py3-none-any.whl.metadata (5.1 kB)
#14 14.31 Collecting iniconfig (from pytest==7.4.3->-r requirements.txt (line 14))
#14 14.42   Downloading iniconfig-2.3.0-py3-none-any.whl.metadata (2.5 kB)
#14 14.50 Collecting packaging (from pytest==7.4.3->-r requirements.txt (line 14))
#14 14.55   Downloading packaging-25.0-py3-none-any.whl.metadata (3.3 kB)
#14 14.59 Collecting pluggy<2.0,>=0.12 (from pytest==7.4.3->-r requirements.txt (line 14))
#14 14.72   Downloading pluggy-1.6.0-py3-none-any.whl.metadata (4.8 kB)
#14 14.82 Collecting certifi (from httpx==0.25.2->-r requirements.txt (line 16))
#14 14.85   Downloading certifi-2025.11.12-py3-none-any.whl.metadata (2.5 kB)
#14 14.95 Collecting httpcore==1.* (from httpx==0.25.2->-r requirements.txt (line 16))
#14 14.97   Downloading httpcore-1.0.9-py3-none-any.whl.metadata (21 kB)
#14 15.04 Collecting idna (from httpx==0.25.2->-r requirements.txt (line 16))
#14 15.06   Downloading idna-3.11-py3-none-any.whl.metadata (8.4 kB)
#14 15.11 Collecting sniffio (from httpx==0.25.2->-r requirements.txt (line 16))
#14 15.14   Downloading sniffio-1.3.1-py3-none-any.whl.metadata (3.9 kB)
#14 ...

#15 [frontend 2/5] WORKDIR /app
#15 CACHED

#16 [frontend 3/5] COPY frontend/package*.json ./
#16 DONE 1.4s

#14 [backend 5/6] RUN pip install --no-cache-dir -r requirements.txt
#14 15.58 Collecting scipy>=1.6.0 (from scikit-learn==1.4.0->-r requirements.txt (line 18))
#14 15.59   Downloading scipy-1.16.3-cp311-cp311-manylinux2014_x86_64.manylinux_2_17_x86_64.whl.metadata (62 kB)
#14 15.61      ━━━━━━━━━━━━━━━━━━━━━━━━━━━━━━━━━━━━━━━━ 62.0/62.0 kB 6.0 MB/s eta 0:00:00
#14 15.69 Collecting joblib>=1.2.0 (from scikit-learn==1.4.0->-r requirements.txt (line 18))
#14 15.73   Downloading joblib-1.5.2-py3-none-any.whl.metadata (5.6 kB)
#14 15.78 Collecting threadpoolctl>=2.0.0 (from scikit-learn==1.4.0->-r requirements.txt (line 18))
#14 15.81   Downloading threadpoolctl-3.6.0-py3-none-any.whl.metadata (13 kB)
#14 15.98 Collecting python-dateutil>=2.8.2 (from pandas==2.2.0->-r requirements.txt (line 20))
#14 16.01   Downloading python_dateutil-2.9.0.post0-py2.py3-none-any.whl.metadata (8.4 kB)
#14 16.12 Collecting pytz>=2020.1 (from pandas==2.2.0->-r requirements.txt (line 20))
#14 16.14   Downloading pytz-2025.2-py2.py3-none-any.whl.metadata (22 kB)
#14 16.19 Collecting tzdata>=2022.7 (from pandas==2.2.0->-r requirements.txt (line 20))
#14 16.22   Downloading tzdata-2025.2-py2.py3-none-any.whl.metadata (1.4 kB)
#14 16.35 Collecting billiard<5.0,>=4.1.0 (from celery==5.3.4->-r requirements.txt (line 21))
#14 16.37   Downloading billiard-4.2.2-py3-none-any.whl.metadata (4.8 kB)
#14 16.45 Collecting vine<6.0,>=5.0.0 (from celery==5.3.4->-r requirements.txt (line 21))
#14 16.49   Downloading vine-5.1.0-py3-none-any.whl.metadata (2.7 kB)
#14 16.60 Collecting click-didyoumean>=0.3.0 (from celery==5.3.4->-r requirements.txt (line 21))
#14 16.63   Downloading click_didyoumean-0.3.1-py3-none-any.whl.metadata (3.9 kB)
#14 16.69 Collecting click-repl>=0.2.0 (from celery==5.3.4->-r requirements.txt (line 21))
#14 16.72   Downloading click_repl-0.3.0-py3-none-any.whl.metadata (3.6 kB)
#14 16.77 Collecting click-plugins>=1.1.1 (from celery==5.3.4->-r requirements.txt (line 21))
#14 16.80   Downloading click_plugins-1.1.1.2-py2.py3-none-any.whl.metadata (6.5 kB)
#14 16.92 Collecting amqp<6.0.0,>=5.1.1 (from kombu==5.3.4->-r requirements.txt (line 22))
#14 16.94   Downloading amqp-5.3.1-py3-none-any.whl.metadata (8.9 kB)
#14 17.08 Collecting MarkupSafe>=2.0 (from Jinja2==3.1.2->-r requirements.txt (line 24))
#14 17.11   Downloading markupsafe-3.0.3-cp311-cp311-manylinux2014_x86_64.manylinux_2_17_x86_64.manylinux_2_28_x86_64.whl.metadata (2.7 kB)
#14 17.25 Collecting bcrypt>=3.1.0 (from passlib[bcrypt]==1.7.4->-r requirements.txt (line 11))
#14 17.26   Downloading bcrypt-5.0.0-cp39-abi3-manylinux_2_34_x86_64.whl.metadata (10 kB)
#14 17.89 Collecting cryptography>=3.4.0 (from python-jose[cryptography]==3.3.0->-r requirements.txt (line 10))
#14 17.92   Downloading cryptography-46.0.3-cp311-abi3-manylinux_2_34_x86_64.whl.metadata (5.7 kB)
#14 18.01 Collecting httptools>=0.5.0 (from uvicorn[standard]==0.24.0->-r requirements.txt (line 2))
#14 18.04   Downloading httptools-0.7.1-cp311-cp311-manylinux1_x86_64.manylinux_2_28_x86_64.manylinux_2_5_x86_64.whl.metadata (3.5 kB)
#14 18.13 Collecting pyyaml>=5.1 (from uvicorn[standard]==0.24.0->-r requirements.txt (line 2))
#14 18.15   Downloading pyyaml-6.0.3-cp311-cp311-manylinux2014_x86_64.manylinux_2_17_x86_64.manylinux_2_28_x86_64.whl.metadata (2.4 kB)
#14 18.23 Collecting uvloop!=0.15.0,!=0.15.1,>=0.14.0 (from uvicorn[standard]==0.24.0->-r requirements.txt (line 2))
#14 18.25   Downloading uvloop-0.22.1-cp311-cp311-manylinux2014_x86_64.manylinux_2_17_x86_64.manylinux_2_28_x86_64.whl.metadata (4.9 kB)
#14 18.38 Collecting watchfiles>=0.13 (from uvicorn[standard]==0.24.0->-r requirements.txt (line 2))
#14 18.42   Downloading watchfiles-1.1.1-cp311-cp311-manylinux_2_17_x86_64.manylinux2014_x86_64.whl.metadata (4.9 kB)
#14 18.62 Collecting prompt-toolkit>=3.0.36 (from click-repl>=0.2.0->celery==5.3.4->-r requirements.txt (line 21))
#14 18.64   Downloading prompt_toolkit-3.0.52-py3-none-any.whl.metadata (6.4 kB)
#14 18.85 Collecting cffi>=2.0.0 (from cryptography>=3.4.0->python-jose[cryptography]==3.3.0->-r requirements.txt (line 10))
#14 18.87   Downloading cffi-2.0.0-cp311-cp311-manylinux2014_x86_64.manylinux_2_17_x86_64.whl.metadata (2.6 kB)
#14 18.93 Collecting six>=1.9.0 (from ecdsa!=0.15->python-jose==3.3.0->python-jose[cryptography]==3.3.0->-r requirements.txt (line 10))
#14 18.96   Downloading six-1.17.0-py2.py3-none-any.whl.metadata (1.7 kB)
#14 19.29 Collecting pycparser (from cffi>=2.0.0->cryptography>=3.4.0->python-jose[cryptography]==3.3.0->-r requirements.txt (line 10))
#14 19.33   Downloading pycparser-2.23-py3-none-any.whl.metadata (993 bytes)
#14 19.44 Collecting wcwidth (from prompt-toolkit>=3.0.36->click-repl>=0.2.0->celery==5.3.4->-r requirements.txt (line 21))
#14 19.48   Downloading wcwidth-0.2.14-py2.py3-none-any.whl.metadata (15 kB)
#14 19.56 Downloading fastapi-0.104.1-py3-none-any.whl (92 kB)
#14 19.58    ━━━━━━━━━━━━━━━━━━━━━━━━━━━━━━━━━━━━━━━━ 92.9/92.9 kB 6.9 MB/s eta 0:00:00
#14 19.59 Downloading uvicorn-0.24.0-py3-none-any.whl (59 kB)
#14 19.60    ━━━━━━━━━━━━━━━━━━━━━━━━━━━━━━━━━━━━━━━━ 59.6/59.6 kB 6.8 MB/s eta 0:00:00
#14 19.62 Downloading SQLAlchemy-2.0.23-cp311-cp311-manylinux_2_17_x86_64.manylinux2014_x86_64.whl (3.2 MB)
#14 19.90    ━━━━━━━━━━━━━━━━━━━━━━━━━━━━━━━━━━━━━━━━ 3.2/3.2 MB 11.3 MB/s eta 0:00:00
#14 19.93 Downloading alembic-1.12.1-py3-none-any.whl (226 kB)
#14 19.95    ━━━━━━━━━━━━━━━━━━━━━━━━━━━━━━━━━━━━━━━━ 226.8/226.8 kB 10.6 MB/s eta 0:00:00
#14 19.96 Downloading psycopg2_binary-2.9.9-cp311-cp311-manylinux_2_17_x86_64.manylinux2014_x86_64.whl (3.0 MB)
#14 20.44    ━━━━━━━━━━━━━━━━━━━━━━━━━━━━━━━━━━━━━━━━ 3.0/3.0 MB 6.5 MB/s eta 0:00:00
#14 20.45 Downloading redis-5.0.1-py3-none-any.whl (250 kB)
#14 20.51    ━━━━━━━━━━━━━━━━━━━━━━━━━━━━━━━━━━━━━━━━ 250.3/250.3 kB 4.3 MB/s eta 0:00:00
#14 20.52 Downloading pydantic-2.5.0-py3-none-any.whl (407 kB)
#14 20.61    ━━━━━━━━━━━━━━━━━━━━━━━━━━━━━━━━━━━━━━━━ 407.5/407.5 kB 4.5 MB/s eta 0:00:00
#14 20.62 Downloading pydantic_settings-2.1.0-py3-none-any.whl (11 kB)
#14 20.72 Downloading python_multipart-0.0.6-py3-none-any.whl (45 kB)
#14 20.75    ━━━━━━━━━━━━━━━━━━━━━━━━━━━━━━━━━━━━━━━━ 45.7/45.7 kB 1.7 MB/s eta 0:00:00
#14 20.76 Downloading python_jose-3.3.0-py2.py3-none-any.whl (33 kB)
#14 20.85 Downloading passlib-1.7.4-py2.py3-none-any.whl (525 kB)
#14 21.03    ━━━━━━━━━━━━━━━━━━━━━━━━━━━━━━━━━━━━━━━━ 525.6/525.6 kB 3.1 MB/s eta 0:00:00
#14 21.04 Downloading aioredis-2.0.1-py3-none-any.whl (71 kB)
#14 21.08    ━━━━━━━━━━━━━━━━━━━━━━━━━━━━━━━━━━━━━━━━ 71.2/71.2 kB 2.7 MB/s eta 0:00:00
#14 21.09 Downloading asyncpg-0.29.0-cp311-cp311-manylinux_2_17_x86_64.manylinux2014_x86_64.whl (2.8 MB)
#14 21.86    ━━━━━━━━━━━━━━━━━━━━━━━━━━━━━━━━━━━━━━━━ 2.8/2.8 MB 3.7 MB/s eta 0:00:00
#14 21.88 Downloading pytest-7.4.3-py3-none-any.whl (325 kB)
#14 21.95    ━━━━━━━━━━━━━━━━━━━━━━━━━━━━━━━━━━━━━━━━ 325.1/325.1 kB 4.8 MB/s eta 0:00:00
#14 21.96 Downloading pytest_asyncio-0.21.1-py3-none-any.whl (13 kB)
#14 21.98 Downloading httpx-0.25.2-py3-none-any.whl (74 kB)
#14 22.00    ━━━━━━━━━━━━━━━━━━━━━━━━━━━━━━━━━━━━━━━━ 75.0/75.0 kB 5.0 MB/s eta 0:00:00
#14 22.02 Downloading structlog-23.2.0-py3-none-any.whl (62 kB)
#14 22.03    ━━━━━━━━━━━━━━━━━━━━━━━━━━━━━━━━━━━━━━━━ 62.9/62.9 kB 7.8 MB/s eta 0:00:00
#14 22.04 Downloading scikit_learn-1.4.0-1-cp311-cp311-manylinux_2_17_x86_64.manylinux2014_x86_64.whl (12.1 MB)
#14 24.20    ━━━━━━━━━━━━━━━━━━━━━━━━━━━━━━━━━━━━━━━━ 12.1/12.1 MB 5.9 MB/s eta 0:00:00
#14 24.22 Downloading numpy-1.26.0-cp311-cp311-manylinux_2_17_x86_64.manylinux2014_x86_64.whl (18.2 MB)
#14 ...

#17 [frontend 4/5] RUN npm install
#17 ...

#14 [backend 5/6] RUN pip install --no-cache-dir -r requirements.txt
#14 28.36    ━━━━━━━━━━━━━━━━━━━━━━━━━━━━━━━━━━━━━━━━ 18.2/18.2 MB 4.6 MB/s eta 0:00:00
#14 28.37 Downloading pandas-2.2.0-cp311-cp311-manylinux_2_17_x86_64.manylinux2014_x86_64.whl (13.0 MB)
#14 ...

#17 [frontend 4/5] RUN npm install
#17 16.04 npm warn deprecated w3c-hr-time@1.0.2: Use your platform's native performance.now() and performance.timeOrigin.
#17 18.24 npm warn deprecated sourcemap-codec@1.4.8: Please use @jridgewell/sourcemap-codec instead
#17 18.29 npm warn deprecated stable@0.1.8: Modern JS already guarantees Array#sort() is a stable sort, so this library is deprecated. See the compatibility table on MDN: https://developer.mozilla.org/en-US/docs/Web/JavaScript/Reference/Global_Objects/Array/sort#browser_compatibility
#17 18.51 npm warn deprecated workbox-google-analytics@6.6.0: It is not compatible with newer versions of GA starting with v4, as long as you are using GAv3 it should be ok, but the package is not longer being maintained
#17 18.55 npm warn deprecated rollup-plugin-terser@7.0.2: This package has been deprecated and is no longer maintained. Please use @rollup/plugin-terser
#17 18.64 npm warn deprecated workbox-cacheable-response@6.6.0: workbox-background-sync@6.6.0

