🚀 Day 128: Creating Multi-Language Logging Libraries
==================================================
📁 Created project structure
🐍 Creating Python logging library...
☕ Creating Java logging library...
🟨 Creating Node.js logging library...
🔷 Creating .NET logging library...
🌐 Creating web dashboard...
🧪 Creating test files...
🐳 Creating Docker configuration...
📚 Creating example implementations...
🔨 Creating build scripts...
📖 Creating documentation...
🔍 Running final verification...
🔍 Verifying Multi-Language Logging Libraries...
📁 Checking project structure...
   ✅ python-lib/
   ✅ java-lib/
   ✅ nodejs-lib/
   ✅ dotnet-lib/
   ✅ dashboard/
   ✅ tests/
   ✅ examples/
   ✅ docker/
🐍 Checking Python library...
   ✅ python-lib/__init__.py
   ✅ python-lib/logger.py
   ✅ python-lib/config.py
   ✅ python-lib/models.py
☕ Checking Java library...
   ✅ java-lib/pom.xml
   ✅ java-lib/src/main/java/com/distributedlogs/DistributedLogger.java
🟨 Checking Node.js library...
   ✅ nodejs-lib/package.json
   ✅ nodejs-lib/index.js
🔷 Checking .NET library...
   ✅ dotnet-lib/DistributedLogging.csproj
   ✅ dotnet-lib/DistributedLogger.cs
🌐 Checking dashboard...
   ✅ dashboard/app.py
   ✅ dashboard/templates/dashboard.html
🔨 Checking build scripts...
   ✅ build.sh (executable)
   ✅ test.sh (executable)
   ✅ demo.sh (executable)
   ✅ start.sh (executable)
   ✅ stop.sh (executable)
🐳 Checking Docker configuration...
   ✅ docker-compose.yml
   ✅ docker/Dockerfile.dashboard
   ✅ .dockerignore
📚 Checking examples...
   ✅ examples/python_demo.py
   ✅ examples/nodejs_demo.js
   ✅ examples/JavaDemo.java
   ✅ examples/Program.cs
🧪 Checking tests...
   ✅ tests/test_integration.py
   ✅ tests/test_performance.py

🎉 All files verified successfully!

📋 Next Steps:
   1. Run './build.sh' to build all libraries
   2. Run './test.sh' to run tests
   3. Run './demo.sh' to see the system in action
   4. Open http://localhost:5000 to view the dashboard

✅ Multi-Language Logging Libraries are ready for use!

🎉 Day 128: Multi-Language Logging Libraries - Implementation Complete!
==================================================

📋 What was created:
   ✅ Python logging library with async support
   ✅ Java logging library with Maven build
   ✅ Node.js logging library with npm package
   ✅ .NET logging library with NuGet compatibility
   ✅ Real-time web dashboard for monitoring
   ✅ Comprehensive test suite
   ✅ Docker deployment configuration
   ✅ Production-ready examples

🚀 Quick Start Commands:
   ./build.sh      # Build all libraries
   ./test.sh       # Run all tests
   ./demo.sh       # Live demonstration
   ./start.sh      # Start dashboard only

🌐 Dashboard: http://localhost:5000
🔌 API Endpoint: http://localhost:5000/api/logs

📊 Features Implemented:
   • Unified API across all 4 languages
   • Automatic batching and retry logic
   • Real-time monitoring dashboard
   • Production-grade error handling
   • Docker containerization
   • Comprehensive documentation

✅ Ready for production deployment!
