🚀 Day 153: Infrastructure Monitoring Integration Setup
========================================================
📁 Creating project structure...
🐍 Creating Python virtual environment...
The virtual environment was not created successfully because ensurepip is not
available.  On Debian/Ubuntu systems, you need to install the python3-venv
package using the following command.

    apt install python3.12-venv

You may need to use sudo with that command.  After installing the python3-venv
package, recreate your virtual environment.

Failing command: /home/systemdr03/git/course/day153/day153-infrastructure-monitoring/venv/bin/python3

📦 Installing dependencies...
⚠️  pip not available, skipping dependency installation

🧪 Running tests...
/home/systemdr03/git/course/day153/day153-infrastructure-monitoring/venv/bin/python: No module named pytest

🎯 Building Docker images...
time="2026-01-10T06:12:12Z" level=warning msg="/home/systemdr03/git/course/day153/day153-infrastructure-monitoring/docker-compose.yml: the attribute `version` is obsolete, it will be ignored, please remove it to avoid potential confusion"
#1 [internal] load local bake definitions
#1 reading from stdin 1.26kB done
#1 DONE 0.0s

#2 [log-exporter internal] load build definition from exporter.Dockerfile
#2 transferring dockerfile: 282B done
#2 DONE 0.0s

#3 [dashboard internal] load build definition from dashboard.Dockerfile
#3 transferring dockerfile: 250B done
#3 DONE 0.0s

#4 [log-exporter internal] load metadata for docker.io/library/python:3.11-slim
#4 DONE 3.6s

#5 [dashboard internal] load .dockerignore
#5 transferring context: 86B done
#5 DONE 0.0s

#6 [dashboard internal] load build context
#6 transferring context: 11.47kB done
#6 DONE 0.0s

#7 [log-exporter internal] load build context
#7 transferring context: 4.10kB done
#7 DONE 0.1s

#8 [dashboard 1/5] FROM docker.io/library/python:3.11-slim@sha256:1dd3dca85e22886e44fcad1bb7ccab6691dfa83db52214cf9e20696e095f3e36
#8 resolve docker.io/library/python:3.11-slim@sha256:1dd3dca85e22886e44fcad1bb7ccab6691dfa83db52214cf9e20696e095f3e36 0.0s done
#8 sha256:02d7611c4eae219af91448a4720bdba036575d3bc0356cfe12774af85daa6aff 0B / 29.78MB 0.2s
#8 sha256:7cc13cb22d92060ccb92030698fd1bb23d1e7890328d424a3aa61c498ec1cb57 0B / 14.36MB 0.2s
#8 sha256:654a090213c05af530d397771fd09de5fe6e66c2355cd1a752c763b27ff451cf 0B / 249B 0.2s
#8 sha256:1473863bb010703cc5da49db594d480fa6a17a3a7df033dfacf0c91bf1162390 0B / 1.29MB 0.2s
#8 sha256:02d7611c4eae219af91448a4720bdba036575d3bc0356cfe12774af85daa6aff 3.15MB / 29.78MB 0.9s
#8 sha256:02d7611c4eae219af91448a4720bdba036575d3bc0356cfe12774af85daa6aff 5.24MB / 29.78MB 1.2s
#8 sha256:02d7611c4eae219af91448a4720bdba036575d3bc0356cfe12774af85daa6aff 7.34MB / 29.78MB 1.7s
#8 sha256:02d7611c4eae219af91448a4720bdba036575d3bc0356cfe12774af85daa6aff 9.44MB / 29.78MB 2.3s
#8 sha256:654a090213c05af530d397771fd09de5fe6e66c2355cd1a752c763b27ff451cf 249B / 249B 2.4s done
#8 sha256:7cc13cb22d92060ccb92030698fd1bb23d1e7890328d424a3aa61c498ec1cb57 1.05MB / 14.36MB 2.9s
#8 sha256:7cc13cb22d92060ccb92030698fd1bb23d1e7890328d424a3aa61c498ec1cb57 2.10MB / 14.36MB 3.3s
#8 sha256:1473863bb010703cc5da49db594d480fa6a17a3a7df033dfacf0c91bf1162390 1.29MB / 1.29MB 3.5s done
#8 sha256:7cc13cb22d92060ccb92030698fd1bb23d1e7890328d424a3aa61c498ec1cb57 3.15MB / 14.36MB 3.6s
#8 sha256:02d7611c4eae219af91448a4720bdba036575d3bc0356cfe12774af85daa6aff 11.53MB / 29.78MB 3.9s
#8 sha256:7cc13cb22d92060ccb92030698fd1bb23d1e7890328d424a3aa61c498ec1cb57 4.19MB / 14.36MB 3.8s
#8 sha256:7cc13cb22d92060ccb92030698fd1bb23d1e7890328d424a3aa61c498ec1cb57 5.24MB / 14.36MB 4.1s
#8 sha256:7cc13cb22d92060ccb92030698fd1bb23d1e7890328d424a3aa61c498ec1cb57 6.29MB / 14.36MB 4.4s
#8 sha256:7cc13cb22d92060ccb92030698fd1bb23d1e7890328d424a3aa61c498ec1cb57 7.34MB / 14.36MB 5.0s
#8 sha256:7cc13cb22d92060ccb92030698fd1bb23d1e7890328d424a3aa61c498ec1cb57 8.39MB / 14.36MB 5.1s
#8 sha256:7cc13cb22d92060ccb92030698fd1bb23d1e7890328d424a3aa61c498ec1cb57 9.44MB / 14.36MB 5.3s
#8 sha256:7cc13cb22d92060ccb92030698fd1bb23d1e7890328d424a3aa61c498ec1cb57 10.49MB / 14.36MB 5.6s
#8 sha256:7cc13cb22d92060ccb92030698fd1bb23d1e7890328d424a3aa61c498ec1cb57 11.53MB / 14.36MB 5.7s
#8 sha256:02d7611c4eae219af91448a4720bdba036575d3bc0356cfe12774af85daa6aff 13.63MB / 29.78MB 6.2s
#8 sha256:7cc13cb22d92060ccb92030698fd1bb23d1e7890328d424a3aa61c498ec1cb57 12.58MB / 14.36MB 6.0s
#8 sha256:7cc13cb22d92060ccb92030698fd1bb23d1e7890328d424a3aa61c498ec1cb57 13.63MB / 14.36MB 6.3s
#8 sha256:7cc13cb22d92060ccb92030698fd1bb23d1e7890328d424a3aa61c498ec1cb57 14.36MB / 14.36MB 6.5s done
#8 sha256:02d7611c4eae219af91448a4720bdba036575d3bc0356cfe12774af85daa6aff 15.73MB / 29.78MB 7.4s
#8 sha256:02d7611c4eae219af91448a4720bdba036575d3bc0356cfe12774af85daa6aff 17.83MB / 29.78MB 7.5s
#8 sha256:02d7611c4eae219af91448a4720bdba036575d3bc0356cfe12774af85daa6aff 19.92MB / 29.78MB 8.0s
#8 sha256:02d7611c4eae219af91448a4720bdba036575d3bc0356cfe12774af85daa6aff 22.02MB / 29.78MB 8.4s
#8 sha256:02d7611c4eae219af91448a4720bdba036575d3bc0356cfe12774af85daa6aff 24.12MB / 29.78MB 8.7s
#8 sha256:02d7611c4eae219af91448a4720bdba036575d3bc0356cfe12774af85daa6aff 26.21MB / 29.78MB 9.2s
#8 sha256:02d7611c4eae219af91448a4720bdba036575d3bc0356cfe12774af85daa6aff 28.31MB / 29.78MB 9.6s
#8 sha256:02d7611c4eae219af91448a4720bdba036575d3bc0356cfe12774af85daa6aff 29.78MB / 29.78MB 9.8s done
#8 extracting sha256:02d7611c4eae219af91448a4720bdba036575d3bc0356cfe12774af85daa6aff
#8 extracting sha256:02d7611c4eae219af91448a4720bdba036575d3bc0356cfe12774af85daa6aff 0.9s done
#8 extracting sha256:02d7611c4eae219af91448a4720bdba036575d3bc0356cfe12774af85daa6aff 0.9s done
#8 extracting sha256:1473863bb010703cc5da49db594d480fa6a17a3a7df033dfacf0c91bf1162390 0.1s done
#8 extracting sha256:1473863bb010703cc5da49db594d480fa6a17a3a7df033dfacf0c91bf1162390 0.1s done
#8 extracting sha256:7cc13cb22d92060ccb92030698fd1bb23d1e7890328d424a3aa61c498ec1cb57
#8 extracting sha256:7cc13cb22d92060ccb92030698fd1bb23d1e7890328d424a3aa61c498ec1cb57 0.7s done
#8 extracting sha256:7cc13cb22d92060ccb92030698fd1bb23d1e7890328d424a3aa61c498ec1cb57 0.7s done
#8 extracting sha256:654a090213c05af530d397771fd09de5fe6e66c2355cd1a752c763b27ff451cf 0.0s done
#8 DONE 11.7s

#9 [dashboard 2/5] WORKDIR /app
#9 DONE 0.2s

#10 [log-exporter 3/5] COPY requirements.txt .
#10 DONE 0.0s

#11 [dashboard 3/5] COPY requirements.txt .
#11 CACHED

#12 [log-exporter 4/5] RUN pip install --no-cache-dir prometheus-client==0.20.0 psutil==5.9.8
#12 1.898 Collecting prometheus-client==0.20.0
#12 1.975   Downloading prometheus_client-0.20.0-py3-none-any.whl.metadata (1.8 kB)
#12 2.084 Collecting psutil==5.9.8
#12 2.096   Downloading psutil-5.9.8-cp36-abi3-manylinux_2_12_x86_64.manylinux2010_x86_64.manylinux_2_17_x86_64.manylinux2014_x86_64.whl.metadata (21 kB)
#12 2.122 Downloading prometheus_client-0.20.0-py3-none-any.whl (54 kB)
#12 2.129    ━━━━━━━━━━━━━━━━━━━━━━━━━━━━━━━━━━━━━━━━ 54.5/54.5 kB 11.7 MB/s eta 0:00:00
#12 2.140 Downloading psutil-5.9.8-cp36-abi3-manylinux_2_12_x86_64.manylinux2010_x86_64.manylinux_2_17_x86_64.manylinux2014_x86_64.whl (288 kB)
#12 2.159    ━━━━━━━━━━━━━━━━━━━━━━━━━━━━━━━━━━━━━━━━ 288.2/288.2 kB 16.7 MB/s eta 0:00:00
#12 2.196 Installing collected packages: psutil, prometheus-client
#12 2.377 Successfully installed prometheus-client-0.20.0 psutil-5.9.8
#12 2.378 WARNING: Running pip as the 'root' user can result in broken permissions and conflicting behaviour with the system package manager. It is recommended to use a virtual environment instead: https://pip.pypa.io/warnings/venv
#12 2.593 
#12 2.593 [notice] A new release of pip is available: 24.0 -> 25.3
#12 2.593 [notice] To update, run: pip install --upgrade pip
#12 DONE 2.8s

#13 [dashboard 4/5] RUN pip install --no-cache-dir flask==3.0.3 requests==2.31.0
#13 1.924 Collecting flask==3.0.3
#13 1.966   Downloading flask-3.0.3-py3-none-any.whl.metadata (3.2 kB)
#13 2.008 Collecting requests==2.31.0
#13 2.026   Downloading requests-2.31.0-py3-none-any.whl.metadata (4.6 kB)
#13 2.087 Collecting Werkzeug>=3.0.0 (from flask==3.0.3)
#13 2.097   Downloading werkzeug-3.1.5-py3-none-any.whl.metadata (4.0 kB)
#13 2.128 Collecting Jinja2>=3.1.2 (from flask==3.0.3)
#13 2.140   Downloading jinja2-3.1.6-py3-none-any.whl.metadata (2.9 kB)
#13 2.165 Collecting itsdangerous>=2.1.2 (from flask==3.0.3)
#13 2.184   Downloading itsdangerous-2.2.0-py3-none-any.whl.metadata (1.9 kB)
#13 2.219 Collecting click>=8.1.3 (from flask==3.0.3)
#13 2.237   Downloading click-8.3.1-py3-none-any.whl.metadata (2.6 kB)
#13 2.265 Collecting blinker>=1.6.2 (from flask==3.0.3)
#13 2.282   Downloading blinker-1.9.0-py3-none-any.whl.metadata (1.6 kB)
#13 2.389 Collecting charset-normalizer<4,>=2 (from requests==2.31.0)
#13 2.516   Downloading charset_normalizer-3.4.4-cp311-cp311-manylinux2014_x86_64.manylinux_2_17_x86_64.manylinux_2_28_x86_64.whl.metadata (37 kB)
#13 2.556 Collecting idna<4,>=2.5 (from requests==2.31.0)
#13 2.569   Downloading idna-3.11-py3-none-any.whl.metadata (8.4 kB)
#13 2.626 Collecting urllib3<3,>=1.21.1 (from requests==2.31.0)
#13 2.644   Downloading urllib3-2.6.3-py3-none-any.whl.metadata (6.9 kB)
#13 2.679 Collecting certifi>=2017.4.17 (from requests==2.31.0)
#13 2.697   Downloading certifi-2026.1.4-py3-none-any.whl.metadata (2.5 kB)
#13 2.787 Collecting MarkupSafe>=2.0 (from Jinja2>=3.1.2->flask==3.0.3)
#13 2.806   Downloading markupsafe-3.0.3-cp311-cp311-manylinux2014_x86_64.manylinux_2_17_x86_64.manylinux_2_28_x86_64.whl.metadata (2.7 kB)
#13 2.832 Downloading flask-3.0.3-py3-none-any.whl (101 kB)
#13 2.842    ━━━━━━━━━━━━━━━━━━━━━━━━━━━━━━━━━━━━━━━━ 101.7/101.7 kB 13.2 MB/s eta 0:00:00
#13 2.851 Downloading requests-2.31.0-py3-none-any.whl (62 kB)
#13 2.861    ━━━━━━━━━━━━━━━━━━━━━━━━━━━━━━━━━━━━━━━━ 62.6/62.6 kB 7.7 MB/s eta 0:00:00#13 ...

#14 [log-exporter 5/5] COPY src/exporters/log_metrics_exporter.py .
#14 DONE 0.1s

#13 [dashboard 4/5] RUN pip install --no-cache-dir flask==3.0.3 requests==2.31.0
#13 2.861    ━━━━━━━━━━━━━━━━━━━━━━━━━━━━━━━━━━━━━━━━ 62.6/62.6 kB 7.7 MB/s eta 0:00:00
#13 2.871 Downloading blinker-1.9.0-py3-none-any.whl (8.5 kB)
#13 2.881 Downloading certifi-2026.1.4-py3-none-any.whl (152 kB)
#13 2.890    ━━━━━━━━━━━━━━━━━━━━━━━━━━━━━━━━━━━━━━━━ 152.9/152.9 kB 23.5 MB/s eta 0:00:00
#13 2.899 Downloading charset_normalizer-3.4.4-cp311-cp311-manylinux2014_x86_64.manylinux_2_17_x86_64.manylinux_2_28_x86_64.whl (151 kB)
#13 2.910    ━━━━━━━━━━━━━━━━━━━━━━━━━━━━━━━━━━━━━━━━ 151.6/151.6 kB 17.9 MB/s eta 0:00:00
#13 2.918 Downloading click-8.3.1-py3-none-any.whl (108 kB)
#13 2.935    ━━━━━━━━━━━━━━━━━━━━━━━━━━━━━━━━━━━━━━━━ 108.3/108.3 kB 6.7 MB/s eta 0:00:00
#13 2.945 Downloading idna-3.11-py3-none-any.whl (71 kB)
#13 2.955    ━━━━━━━━━━━━━━━━━━━━━━━━━━━━━━━━━━━━━━━━ 71.0/71.0 kB 8.5 MB/s eta 0:00:00
#13 2.963 Downloading itsdangerous-2.2.0-py3-none-any.whl (16 kB)
#13 2.982 Downloading jinja2-3.1.6-py3-none-any.whl (134 kB)
#13 2.991    ━━━━━━━━━━━━━━━━━━━━━━━━━━━━━━━━━━━━━━━━ 134.9/134.9 kB 23.3 MB/s eta 0:00:00
#13 3.000 Downloading urllib3-2.6.3-py3-none-any.whl (131 kB)
#13 3.010    ━━━━━━━━━━━━━━━━━━━━━━━━━━━━━━━━━━━━━━━━ 131.6/131.6 kB 16.0 MB/s eta 0:00:00
#13 3.017 Downloading werkzeug-3.1.5-py3-none-any.whl (225 kB)
#13 3.029    ━━━━━━━━━━━━━━━━━━━━━━━━━━━━━━━━━━━━━━━━ 225.0/225.0 kB 21.8 MB/s eta 0:00:00
#13 3.036 Downloading markupsafe-3.0.3-cp311-cp311-manylinux2014_x86_64.manylinux_2_17_x86_64.manylinux_2_28_x86_64.whl (22 kB)
#13 3.123 Installing collected packages: urllib3, MarkupSafe, itsdangerous, idna, click, charset-normalizer, certifi, blinker, Werkzeug, requests, Jinja2, flask
#13 3.710 Successfully installed Jinja2-3.1.6 MarkupSafe-3.0.3 Werkzeug-3.1.5 blinker-1.9.0 certifi-2026.1.4 charset-normalizer-3.4.4 click-8.3.1 flask-3.0.3 idna-3.11 itsdangerous-2.2.0 requests-2.31.0 urllib3-2.6.3
#13 3.710 WARNING: Running pip as the 'root' user can result in broken permissions and conflicting behaviour with the system package manager. It is recommended to use a virtual environment instead: https://pip.pypa.io/warnings/venv
#13 3.812 
#13 3.812 [notice] A new release of pip is available: 24.0 -> 25.3
#13 3.812 [notice] To update, run: pip install --upgrade pip
#13 ...

#15 [log-exporter] exporting to image
#15 exporting layers 0.6s done
#15 exporting manifest sha256:b110a522de46b5fbbe640fe8e2b0fa16731b0bd91fd1ce63b95f163523568e8b 0.0s done
#15 exporting config sha256:bc4f0e74c5f65c73717ec79f3757a00f086f83bab96dba6faeab7c896d75614f 0.0s done
#15 exporting attestation manifest sha256:9e8b7853a745fd95a1ef663ec6d23980230e1524b9892bc48f8e47bc1ad6bfc3 0.0s done
#15 exporting manifest list sha256:d9bdaefb79ba860b3b7cc822e90a982c7fcd40d50750982cad7338368d05d86b 0.0s done
#15 naming to docker.io/library/day153-infrastructure-monitoring-log-exporter:latest done
#15 unpacking to docker.io/library/day153-infrastructure-monitoring-log-exporter:latest 0.3s done
#15 DONE 1.0s

#16 [log-exporter] resolving provenance for metadata file
#16 DONE 0.0s

#13 [dashboard 4/5] RUN pip install --no-cache-dir flask==3.0.3 requests==2.31.0
#13 DONE 4.1s

#17 [dashboard 5/5] COPY src/web/ ./src/web/
#17 DONE 0.0s

#18 [dashboard] exporting to image
#18 exporting layers 0.7s done
#18 exporting manifest sha256:3e7f7d2f19a981d1711e95177d2f9fce731002ca2294a3d1f30eab31038f8417 0.0s done
#18 exporting config sha256:b4c52432ac93d07045c918ca5da31572a0515fd113995695adb8c0a21e4f96ad 0.0s done
#18 exporting attestation manifest sha256:feb350acb2513b14bf1172c009fe56c7dc26ae7e138a0aceb6db8fbb2a52c862 0.0s done
#18 exporting manifest list sha256:9666b668ef51a3bc96cad4c1adfb5ca18a1d7de12602058872806f24f8a0cea5 0.0s done
#18 naming to docker.io/library/day153-infrastructure-monitoring-dashboard:latest done
#18 unpacking to docker.io/library/day153-infrastructure-monitoring-dashboard:latest
#18 unpacking to docker.io/library/day153-infrastructure-monitoring-dashboard:latest 0.4s done
#18 DONE 1.2s

#19 [dashboard] resolving provenance for metadata file
#19 DONE 0.0s
 day153-infrastructure-monitoring-log-exporter  Built
 day153-infrastructure-monitoring-dashboard  Built

✅ Setup completed successfully!

Next steps:
  1. Start services: ./start.sh
  2. Access dashboard: http://localhost:5000
  3. Run demo: python scripts/demo.py
  4. Generate load: python scripts/load_generator.py
  5. Stop services: ./stop.sh

Files created:
  - Custom metrics exporter
  - Monitoring-aware K8s operator
  - Correlation analysis engine
  - Web dashboard with real-time updates
  - Docker-compose setup
  - Comprehensive tests
