{"timestamp": "2026-07-21T06:15:46.072718", "service": "database", "level": "WARNING", "message": "Sample log message 2600", "data": {"value": 0.8216537365914033, "count": 73}}
{"timestamp": "2026-07-21T06:15:47.073503", "service": "auth", "level": "DEBUG", "message": "Sample log message 1857", "data": {"value": 0.9931250914292665, "count": 64}}
{"timestamp": "2026-07-21T06:15:48.074978", "service": "database", "level": "ERROR", "message": "Sample log message 4346", "data": {"value": 0.5189706116865191, "count": 20}}
{"timestamp": "2026-07-21T06:15:49.075920", "service": "auth", "level": "INFO", "message": "Sample log message 5582", "data": {"value": 0.3063750070872774, "count": 45}}
{"timestamp": "2026-07-21T06:15:50.077308", "service": "web", "level": "DEBUG", "message": "Sample log message 6329", "data": {"value": 0.7857733010628365, "count": 82}}
{"timestamp": "2026-07-21T06:15:51.078862", "service": "web", "level": "DEBUG", "message": "Sample log message 5031", "data": {"value": 0.024944358330699745, "count": 28}}
{"timestamp": "2026-07-21T06:15:52.080573", "service": "web", "level": "DEBUG", "message": "Sample log message 5311", "data": {"value": 0.8622884711305586, "count": 57}}
{"timestamp": "2026-07-21T06:15:53.082287", "service": "cache", "level": "WARNING", "message": "Sample log message 1104", "data": {"value": 0.3475432651479663, "count": 43}}
{"timestamp": "2026-07-21T06:15:54.083199", "service": "database", "level": "WARNING", "message": "Sample log message 5393", "data": {"value": 0.2572599343329045, "count": 38}}
{"timestamp": "2026-07-21T06:15:55.084037", "service": "auth", "level": "DEBUG", "message": "Sample log message 5126", "data": {"value": 0.8656409558029565, "count": 94}}
{"timestamp": "2026-07-21T06:15:56.085875", "service": "api", "level": "INFO", "message": "Sample log message 5770", "data": {"value": 0.559668619380798, "count": 82}}
{"timestamp": "2026-07-21T06:15:57.087610", "service": "web", "level": "DEBUG", "message": "Sample log message 3915", "data": {"value": 0.9335596154241744, "count": 54}}
{"timestamp": "2026-07-21T06:15:58.089632", "service": "api", "level": "ERROR", "message": "Sample log message 1889", "data": {"value": 0.9461205247024566, "count": 61}}
{"timestamp": "2026-07-21T06:15:59.091265", "service": "api", "level": "DEBUG", "message": "Sample log message 8020", "data": {"value": 0.4888206307563212, "count": 21}}
{"timestamp": "2026-07-21T06:16:00.092865", "service": "cache", "level": "INFO", "message": "Sample log message 1822", "data": {"value": 0.6237407186017089, "count": 99}}
{"timestamp": "2026-07-21T06:16:01.094753", "service": "database", "level": "ERROR", "message": "Sample log message 4032", "data": {"value": 0.038481160885499355, "count": 30}}
{"timestamp": "2026-07-21T06:16:02.096743", "service": "api", "level": "INFO", "message": "Sample log message 7579", "data": {"value": 0.9756260710954017, "count": 98}}
{"timestamp": "2026-07-21T06:16:03.099073", "service": "database", "level": "DEBUG", "message": "Sample log message 4458", "data": {"value": 0.6820845687522621, "count": 12}}
{"timestamp": "2026-07-21T06:16:04.101014", "service": "database", "level": "WARNING", "message": "Sample log message 2911", "data": {"value": 0.16135849561356086, "count": 61}}
{"timestamp": "2026-07-21T06:16:05.103085", "service": "api", "level": "WARNING", "message": "Sample log message 8060", "data": {"value": 0.2741460589079895, "count": 24}}
{"timestamp": "2026-07-21T06:16:06.104095", "service": "web", "level": "ERROR", "message": "Sample log message 5177", "data": {"value": 0.39174430200531485, "count": 31}}
{"timestamp": "2026-07-21T06:16:07.108690", "service": "cache", "level": "WARNING", "message": "Sample log message 5149", "data": {"value": 0.5473486882294557, "count": 95}}
{"timestamp": "2026-07-21T06:16:08.110259", "service": "api", "level": "DEBUG", "message": "Sample log message 9180", "data": {"value": 0.35798138999647855, "count": 32}}
{"timestamp": "2026-07-21T06:16:09.111622", "service": "cache", "level": "DEBUG", "message": "Sample log message 1413", "data": {"value": 0.1768403623111907, "count": 89}}
{"timestamp": "2026-07-21T06:16:10.113070", "service": "auth", "level": "ERROR", "message": "Sample log message 5303", "data": {"value": 0.9939476780496875, "count": 83}}
{"timestamp": "2026-07-21T06:16:11.114549", "service": "database", "level": "ERROR", "message": "Sample log message 1482", "data": {"value": 0.2830280880248528, "count": 4}}
{"timestamp": "2026-07-21T06:16:12.117034", "service": "auth", "level": "INFO", "message": "Sample log message 1564", "data": {"value": 0.8307844016121343, "count": 65}}
{"timestamp": "2026-07-21T06:16:13.119102", "service": "web", "level": "DEBUG", "message": "Sample log message 7526", "data": {"value": 0.23539165104764903, "count": 100}}
{"timestamp": "2026-07-21T06:16:14.121251", "service": "web", "level": "WARNING", "message": "Sample log message 6148", "data": {"value": 0.46699997248884784, "count": 68}}
{"timestamp": "2026-07-21T06:16:15.123202", "service": "api", "level": "INFO", "message": "Sample log message 7401", "data": {"value": 0.9239664909055862, "count": 84}}
{"timestamp": "2026-07-21T06:16:15.950394", "service": "auth", "level": "DEBUG", "message": "Sample log message 4139", "data": {"value": 0.7793606464230443, "count": 40}}
{"timestamp": "2026-07-21T06:16:16.951564", "service": "auth", "level": "DEBUG", "message": "Sample log message 7565", "data": {"value": 0.8833983241574315, "count": 84}}
{"timestamp": "2026-07-21T06:16:17.953169", "service": "database", "level": "INFO", "message": "Sample log message 9289", "data": {"value": 0.7083443485344346, "count": 35}}
{"timestamp": "2026-07-21T06:16:18.954149", "service": "api", "level": "INFO", "message": "Sample log message 7434", "data": {"value": 0.8108952093925755, "count": 92}}
{"timestamp": "2026-07-21T06:16:19.955727", "service": "api", "level": "DEBUG", "message": "Sample log message 3928", "data": {"value": 0.8176496745772871, "count": 78}}
{"timestamp": "2026-07-21T06:16:20.957227", "service": "api", "level": "WARNING", "message": "Sample log message 2016", "data": {"value": 0.6687397709955326, "count": 88}}
{"timestamp": "2026-07-21T06:16:21.958432", "service": "cache", "level": "INFO", "message": "Sample log message 8398", "data": {"value": 0.4439934720277795, "count": 72}}
{"timestamp": "2026-07-21T06:16:22.959968", "service": "auth", "level": "WARNING", "message": "Sample log message 7991", "data": {"value": 0.8943778975607882, "count": 68}}
{"timestamp": "2026-07-21T06:16:23.961201", "service": "auth", "level": "ERROR", "message": "Sample log message 5901", "data": {"value": 0.14890593707400124, "count": 11}}
{"timestamp": "2026-07-21T06:16:24.962802", "service": "api", "level": "ERROR", "message": "Sample log message 2655", "data": {"value": 0.4868773342377861, "count": 100}}
{"timestamp": "2026-07-21T06:16:25.964493", "service": "api", "level": "WARNING", "message": "Sample log message 4676", "data": {"value": 0.43486392780866334, "count": 86}}
{"timestamp": "2026-07-21T06:16:26.966035", "service": "api", "level": "DEBUG", "message": "Sample log message 1521", "data": {"value": 0.12432406118266381, "count": 78}}
{"timestamp": "2026-07-21T06:16:27.967415", "service": "database", "level": "WARNING", "message": "Sample log message 5199", "data": {"value": 0.6069300400105245, "count": 31}}
{"timestamp": "2026-07-21T06:16:28.969118", "service": "cache", "level": "ERROR", "message": "Sample log message 6138", "data": {"value": 0.21274478821586573, "count": 18}}
{"timestamp": "2026-07-21T06:16:29.970907", "service": "auth", "level": "INFO", "message": "Sample log message 8517", "data": {"value": 0.6908232903108373, "count": 89}}
{"timestamp": "2026-07-21T06:16:30.972697", "service": "web", "level": "DEBUG", "message": "Sample log message 4350", "data": {"value": 0.015452737443732212, "count": 84}}
{"timestamp": "2026-07-21T06:16:31.974875", "service": "api", "level": "INFO", "message": "Sample log message 2711", "data": {"value": 0.7735212998467184, "count": 46}}
{"timestamp": "2026-07-21T06:16:32.976525", "service": "database", "level": "WARNING", "message": "Sample log message 2334", "data": {"value": 0.601580650489539, "count": 24}}
{"timestamp": "2026-07-21T06:16:33.978184", "service": "api", "level": "DEBUG", "message": "Sample log message 7527", "data": {"value": 0.11751685117032795, "count": 35}}
{"timestamp": "2026-07-21T06:16:34.980518", "service": "api", "level": "INFO", "message": "Sample log message 4072", "data": {"value": 0.5483884919815587, "count": 39}}
{"timestamp": "2026-07-21T06:16:35.982470", "service": "database", "level": "ERROR", "message": "Sample log message 8359", "data": {"value": 0.9682550015367263, "count": 92}}
{"timestamp": "2026-07-21T06:16:36.985012", "service": "cache", "level": "ERROR", "message": "Sample log message 6662", "data": {"value": 0.7446203823228442, "count": 26}}
{"timestamp": "2026-07-21T06:16:37.986568", "service": "web", "level": "INFO", "message": "Sample log message 6671", "data": {"value": 0.5940468744397176, "count": 90}}
{"timestamp": "2026-07-21T06:16:38.988214", "service": "web", "level": "DEBUG", "message": "Sample log message 4892", "data": {"value": 0.69551932580679, "count": 69}}
{"timestamp": "2026-07-21T06:16:39.989876", "service": "api", "level": "ERROR", "message": "Sample log message 9141", "data": {"value": 0.17291053366615472, "count": 84}}
{"timestamp": "2026-07-21T06:16:40.991885", "service": "web", "level": "ERROR", "message": "Sample log message 2193", "data": {"value": 0.6672494374189142, "count": 61}}
{"timestamp": "2026-07-21T06:16:41.993567", "service": "cache", "level": "INFO", "message": "Sample log message 4479", "data": {"value": 0.9486303675789113, "count": 12}}
{"timestamp": "2026-07-21T06:16:42.996141", "service": "web", "level": "ERROR", "message": "Sample log message 2842", "data": {"value": 0.5272036695559124, "count": 5}}
{"timestamp": "2026-07-21T06:16:43.998080", "service": "api", "level": "WARNING", "message": "Sample log message 7904", "data": {"value": 0.5397467216436739, "count": 46}}
{"timestamp": "2026-07-21T06:16:44.855038", "service": "api", "level": "WARNING", "message": "Sample log message 4524", "data": {"value": 0.2805214386294119, "count": 99}}
{"timestamp": "2026-07-21T06:16:45.856277", "service": "auth", "level": "ERROR", "message": "Sample log message 4874", "data": {"value": 0.34304863951303477, "count": 2}}
{"timestamp": "2026-07-21T06:16:46.857594", "service": "database", "level": "DEBUG", "message": "Sample log message 4478", "data": {"value": 0.14632528797308142, "count": 25}}
{"timestamp": "2026-07-21T06:16:47.858532", "service": "web", "level": "DEBUG", "message": "Sample log message 3828", "data": {"value": 0.1374860112098949, "count": 29}}
{"timestamp": "2026-07-21T06:16:48.859667", "service": "auth", "level": "DEBUG", "message": "Sample log message 4640", "data": {"value": 0.864509036565022, "count": 74}}
{"timestamp": "2026-07-21T06:16:49.861108", "service": "api", "level": "INFO", "message": "Sample log message 3193", "data": {"value": 0.4736179690179054, "count": 38}}
{"timestamp": "2026-07-21T06:16:50.862328", "service": "auth", "level": "DEBUG", "message": "Sample log message 6578", "data": {"value": 0.6785194666440011, "count": 49}}
{"timestamp": "2026-07-21T06:16:51.863550", "service": "api", "level": "DEBUG", "message": "Sample log message 4330", "data": {"value": 0.732022916041485, "count": 25}}
{"timestamp": "2026-07-21T06:16:52.864826", "service": "cache", "level": "INFO", "message": "Sample log message 4851", "data": {"value": 0.7004646220602518, "count": 74}}
{"timestamp": "2026-07-21T06:17:46.522580", "service": "cache", "level": "DEBUG", "message": "Sample log message 1449", "data": {"value": 0.107915489051012, "count": 50}}
{"timestamp": "2026-07-21T06:17:47.523567", "service": "api", "level": "WARNING", "message": "Sample log message 2143", "data": {"value": 0.1507969645120194, "count": 33}}
{"timestamp": "2026-07-21T06:17:48.524893", "service": "database", "level": "ERROR", "message": "Sample log message 6557", "data": {"value": 0.6137207090609018, "count": 35}}
{"timestamp": "2026-07-21T06:17:49.526436", "service": "api", "level": "DEBUG", "message": "Sample log message 3646", "data": {"value": 0.5111806077353221, "count": 58}}
{"timestamp": "2026-07-21T06:17:50.527090", "service": "database", "level": "DEBUG", "message": "Sample log message 8247", "data": {"value": 0.7001604991041499, "count": 1}}
{"timestamp": "2026-07-21T06:17:51.529115", "service": "auth", "level": "ERROR", "message": "Sample log message 2638", "data": {"value": 0.32931136054302623, "count": 66}}
{"timestamp": "2026-07-21T06:17:52.531445", "service": "cache", "level": "INFO", "message": "Sample log message 7693", "data": {"value": 0.41549868373744414, "count": 75}}
{"timestamp": "2026-07-21T06:17:53.533012", "service": "database", "level": "ERROR", "message": "Sample log message 5444", "data": {"value": 0.5424722526935377, "count": 86}}
{"timestamp": "2026-07-21T06:17:54.535356", "service": "api", "level": "WARNING", "message": "Sample log message 3262", "data": {"value": 0.7482154263408543, "count": 2}}
{"timestamp": "2026-07-21T06:17:55.537360", "service": "database", "level": "INFO", "message": "Sample log message 9682", "data": {"value": 0.2959014418894371, "count": 89}}
{"timestamp": "2026-07-21T06:17:56.538906", "service": "database", "level": "ERROR", "message": "Sample log message 7734", "data": {"value": 0.525238170294809, "count": 60}}
{"timestamp": "2026-07-21T06:17:57.540428", "service": "database", "level": "DEBUG", "message": "Sample log message 1596", "data": {"value": 0.36846881355438565, "count": 62}}
{"timestamp": "2026-07-21T06:17:58.542717", "service": "database", "level": "WARNING", "message": "Sample log message 7593", "data": {"value": 0.8292750647320799, "count": 64}}
{"timestamp": "2026-07-21T06:17:59.545013", "service": "api", "level": "INFO", "message": "Sample log message 6294", "data": {"value": 0.7062484470990094, "count": 65}}
{"timestamp": "2026-07-21T06:18:00.546959", "service": "web", "level": "ERROR", "message": "Sample log message 5333", "data": {"value": 0.4079889978112111, "count": 38}}
{"timestamp": "2026-07-21T06:18:01.549243", "service": "database", "level": "ERROR", "message": "Sample log message 2309", "data": {"value": 0.9291799294628142, "count": 96}}
{"timestamp": "2026-07-21T06:18:02.551511", "service": "cache", "level": "INFO", "message": "Sample log message 7200", "data": {"value": 0.2953541574781766, "count": 73}}
{"timestamp": "2026-07-21T06:18:03.553330", "service": "api", "level": "WARNING", "message": "Sample log message 8644", "data": {"value": 0.7140401310462181, "count": 29}}
{"timestamp": "2026-07-21T06:18:04.556073", "service": "database", "level": "DEBUG", "message": "Sample log message 4830", "data": {"value": 0.9598404132535879, "count": 78}}
{"timestamp": "2026-07-21T06:18:05.558579", "service": "api", "level": "DEBUG", "message": "Sample log message 1248", "data": {"value": 0.40753607661830304, "count": 43}}
{"timestamp": "2026-07-21T06:18:06.560055", "service": "api", "level": "DEBUG", "message": "Sample log message 5596", "data": {"value": 0.5391696876699109, "count": 40}}
{"timestamp": "2026-07-21T06:18:07.562445", "service": "database", "level": "INFO", "message": "Sample log message 6577", "data": {"value": 0.2780446435201517, "count": 29}}
{"timestamp": "2026-07-21T06:18:08.564522", "service": "web", "level": "WARNING", "message": "Sample log message 8671", "data": {"value": 0.05262708055568366, "count": 78}}
{"timestamp": "2026-07-21T06:18:09.567458", "service": "database", "level": "DEBUG", "message": "Sample log message 9745", "data": {"value": 0.2481156597688169, "count": 25}}
{"timestamp": "2026-07-21T06:18:10.569788", "service": "web", "level": "ERROR", "message": "Sample log message 2714", "data": {"value": 0.5830081818333686, "count": 41}}
{"timestamp": "2026-07-21T06:18:11.572459", "service": "web", "level": "DEBUG", "message": "Sample log message 4598", "data": {"value": 0.702334705510198, "count": 70}}
{"timestamp": "2026-07-21T06:18:12.574138", "service": "cache", "level": "ERROR", "message": "Sample log message 7349", "data": {"value": 0.828841215357663, "count": 33}}
{"timestamp": "2026-07-21T06:18:13.576773", "service": "cache", "level": "ERROR", "message": "Sample log message 3576", "data": {"value": 0.5285112339246663, "count": 5}}
{"timestamp": "2026-07-21T06:18:14.412336", "service": "auth", "level": "WARNING", "message": "Sample log message 4712", "data": {"value": 0.8896720064737496, "count": 63}}
{"timestamp": "2026-07-21T06:18:15.413906", "service": "auth", "level": "INFO", "message": "Sample log message 1430", "data": {"value": 0.8055511182476791, "count": 4}}
{"timestamp": "2026-07-21T06:18:16.415126", "service": "database", "level": "WARNING", "message": "Sample log message 1096", "data": {"value": 0.8177036557055973, "count": 33}}
{"timestamp": "2026-07-21T06:18:17.416442", "service": "database", "level": "WARNING", "message": "Sample log message 5679", "data": {"value": 0.7456021717497098, "count": 67}}
{"timestamp": "2026-07-21T06:18:18.416932", "service": "api", "level": "DEBUG", "message": "Sample log message 2477", "data": {"value": 0.4754159919174017, "count": 93}}
{"timestamp": "2026-07-21T06:18:19.417905", "service": "database", "level": "ERROR", "message": "Sample log message 1241", "data": {"value": 0.20140887548653752, "count": 53}}
{"timestamp": "2026-07-21T06:18:20.419260", "service": "auth", "level": "WARNING", "message": "Sample log message 8163", "data": {"value": 0.08084150075426133, "count": 82}}
{"timestamp": "2026-07-21T06:18:21.420622", "service": "cache", "level": "ERROR", "message": "Sample log message 5888", "data": {"value": 0.14047785831547954, "count": 17}}
{"timestamp": "2026-07-21T06:18:22.423026", "service": "cache", "level": "DEBUG", "message": "Sample log message 3292", "data": {"value": 0.8057392982570128, "count": 13}}
{"timestamp": "2026-07-21T06:18:23.424682", "service": "api", "level": "INFO", "message": "Sample log message 1140", "data": {"value": 0.89771414113496, "count": 16}}
{"timestamp": "2026-07-21T06:18:24.427365", "service": "cache", "level": "INFO", "message": "Sample log message 8479", "data": {"value": 0.1383887270152523, "count": 99}}
{"timestamp": "2026-07-21T06:18:25.430847", "service": "cache", "level": "DEBUG", "message": "Sample log message 3080", "data": {"value": 0.11657527899714903, "count": 53}}
{"timestamp": "2026-07-21T06:18:26.433018", "service": "web", "level": "ERROR", "message": "Sample log message 5401", "data": {"value": 0.3162530375396443, "count": 34}}
{"timestamp": "2026-07-21T06:18:27.435737", "service": "auth", "level": "DEBUG", "message": "Sample log message 5313", "data": {"value": 0.46673332539924994, "count": 79}}
{"timestamp": "2026-07-21T06:18:28.437503", "service": "api", "level": "INFO", "message": "Sample log message 4309", "data": {"value": 0.21887005811014737, "count": 80}}
{"timestamp": "2026-07-21T06:18:29.439508", "service": "cache", "level": "DEBUG", "message": "Sample log message 4180", "data": {"value": 0.7233201540354949, "count": 66}}
{"timestamp": "2026-07-21T06:18:30.442093", "service": "database", "level": "DEBUG", "message": "Sample log message 1001", "data": {"value": 0.08800284999910368, "count": 9}}
{"timestamp": "2026-07-21T06:18:31.444082", "service": "cache", "level": "DEBUG", "message": "Sample log message 7751", "data": {"value": 0.05436975443702963, "count": 36}}
{"timestamp": "2026-07-21T06:18:32.445782", "service": "database", "level": "ERROR", "message": "Sample log message 3133", "data": {"value": 0.6974702481683466, "count": 9}}
{"timestamp": "2026-07-21T06:18:33.448578", "service": "web", "level": "INFO", "message": "Sample log message 2689", "data": {"value": 0.1905234786428286, "count": 66}}
{"timestamp": "2026-07-21T06:18:34.450716", "service": "auth", "level": "INFO", "message": "Sample log message 7589", "data": {"value": 0.1908034470842237, "count": 65}}
{"timestamp": "2026-07-21T06:18:35.452502", "service": "cache", "level": "INFO", "message": "Sample log message 6079", "data": {"value": 0.2638977030043421, "count": 45}}
{"timestamp": "2026-07-21T06:18:36.454813", "service": "auth", "level": "INFO", "message": "Sample log message 7234", "data": {"value": 0.4358003521649735, "count": 83}}
{"timestamp": "2026-07-21T06:18:37.456408", "service": "auth", "level": "WARNING", "message": "Sample log message 1306", "data": {"value": 0.903337139309812, "count": 16}}
{"timestamp": "2026-07-21T06:18:38.458251", "service": "auth", "level": "DEBUG", "message": "Sample log message 6217", "data": {"value": 0.14229013270583069, "count": 11}}
{"timestamp": "2026-07-21T06:18:39.461573", "service": "api", "level": "DEBUG", "message": "Sample log message 6452", "data": {"value": 0.7346140911622807, "count": 68}}
{"timestamp": "2026-07-21T06:18:40.463131", "service": "auth", "level": "DEBUG", "message": "Sample log message 1790", "data": {"value": 0.745579733134524, "count": 78}}
{"timestamp": "2026-07-21T06:18:41.466779", "service": "database", "level": "WARNING", "message": "Sample log message 7040", "data": {"value": 0.060275735035057454, "count": 67}}
{"timestamp": "2026-07-21T06:18:42.468617", "service": "cache", "level": "WARNING", "message": "Sample log message 5693", "data": {"value": 0.727883266771066, "count": 50}}
{"timestamp": "2026-07-21T06:18:43.470211", "service": "api", "level": "DEBUG", "message": "Sample log message 3637", "data": {"value": 0.026300830663698704, "count": 64}}
{"timestamp": "2026-07-21T06:18:44.311192", "service": "api", "level": "WARNING", "message": "Sample log message 9412", "data": {"value": 0.5977623699170985, "count": 89}}
{"timestamp": "2026-07-21T06:18:45.312898", "service": "api", "level": "WARNING", "message": "Sample log message 7696", "data": {"value": 0.02887196271060355, "count": 82}}
{"timestamp": "2026-07-21T06:18:46.314562", "service": "cache", "level": "INFO", "message": "Sample log message 3844", "data": {"value": 0.5278139963345014, "count": 8}}
{"timestamp": "2026-07-21T06:18:47.315786", "service": "auth", "level": "ERROR", "message": "Sample log message 6069", "data": {"value": 0.9352632128987003, "count": 100}}
{"timestamp": "2026-07-21T06:18:48.316560", "service": "database", "level": "ERROR", "message": "Sample log message 8640", "data": {"value": 0.40550215413692114, "count": 84}}
{"timestamp": "2026-07-21T06:18:49.317782", "service": "auth", "level": "WARNING", "message": "Sample log message 6587", "data": {"value": 0.7571496255158838, "count": 96}}
{"timestamp": "2026-07-21T06:18:50.319502", "service": "database", "level": "INFO", "message": "Sample log message 3064", "data": {"value": 0.08137852832148418, "count": 19}}
{"timestamp": "2026-07-21T06:18:51.321157", "service": "cache", "level": "ERROR", "message": "Sample log message 7983", "data": {"value": 0.9658218503351598, "count": 7}}
{"timestamp": "2026-07-21T06:18:52.322909", "service": "api", "level": "ERROR", "message": "Sample log message 6610", "data": {"value": 0.04084801770430124, "count": 38}}
{"timestamp": "2026-07-21T06:18:53.324528", "service": "auth", "level": "DEBUG", "message": "Sample log message 8604", "data": {"value": 0.6879278945310228, "count": 1}}
{"timestamp": "2026-07-21T06:18:54.326165", "service": "auth", "level": "INFO", "message": "Sample log message 9932", "data": {"value": 0.5912624129342695, "count": 52}}
{"timestamp": "2026-07-21T06:18:55.327774", "service": "database", "level": "INFO", "message": "Sample log message 8277", "data": {"value": 0.6484448711267052, "count": 71}}
{"timestamp": "2026-07-21T06:18:56.329843", "service": "cache", "level": "WARNING", "message": "Sample log message 8184", "data": {"value": 0.790527962571095, "count": 84}}
{"timestamp": "2026-07-21T06:18:57.331858", "service": "web", "level": "WARNING", "message": "Sample log message 9122", "data": {"value": 0.3945963001378162, "count": 7}}
{"timestamp": "2026-07-21T06:18:58.334753", "service": "api", "level": "WARNING", "message": "Sample log message 1605", "data": {"value": 0.547909478263141, "count": 24}}
{"timestamp": "2026-07-21T06:18:59.336708", "service": "api", "level": "ERROR", "message": "Sample log message 8340", "data": {"value": 0.3369038234627366, "count": 48}}
{"timestamp": "2026-07-21T06:19:00.338128", "service": "web", "level": "DEBUG", "message": "Sample log message 7543", "data": {"value": 0.5538974957525392, "count": 36}}
{"timestamp": "2026-07-21T06:19:01.339807", "service": "auth", "level": "INFO", "message": "Sample log message 4205", "data": {"value": 0.3983303959337545, "count": 91}}
{"timestamp": "2026-07-21T06:19:02.341911", "service": "auth", "level": "WARNING", "message": "Sample log message 9302", "data": {"value": 0.36389530918057933, "count": 52}}
{"timestamp": "2026-07-21T06:19:03.343477", "service": "web", "level": "DEBUG", "message": "Sample log message 1352", "data": {"value": 0.7182919391040002, "count": 83}}
{"timestamp": "2026-07-21T06:19:04.345076", "service": "auth", "level": "ERROR", "message": "Sample log message 9216", "data": {"value": 0.7101793441404994, "count": 72}}
{"timestamp": "2026-07-21T06:19:05.346706", "service": "api", "level": "ERROR", "message": "Sample log message 9568", "data": {"value": 0.19505114162343629, "count": 8}}
{"timestamp": "2026-07-21T06:19:06.347266", "service": "database", "level": "INFO", "message": "Sample log message 2057", "data": {"value": 0.9653007540644387, "count": 86}}
{"timestamp": "2026-07-21T06:19:07.348741", "service": "database", "level": "ERROR", "message": "Sample log message 5455", "data": {"value": 0.5398659379852087, "count": 8}}
{"timestamp": "2026-07-21T06:19:08.350396", "service": "cache", "level": "INFO", "message": "Sample log message 2594", "data": {"value": 0.10303631065516239, "count": 35}}
{"timestamp": "2026-07-21T06:19:09.351905", "service": "web", "level": "WARNING", "message": "Sample log message 1116", "data": {"value": 0.2932911791612667, "count": 5}}
{"timestamp": "2026-07-21T06:19:10.353582", "service": "database", "level": "INFO", "message": "Sample log message 9558", "data": {"value": 0.9459969953200897, "count": 44}}
{"timestamp": "2026-07-21T06:19:11.355161", "service": "api", "level": "WARNING", "message": "Sample log message 9019", "data": {"value": 0.847448585571986, "count": 54}}
{"timestamp": "2026-07-21T06:19:12.355754", "service": "api", "level": "WARNING", "message": "Sample log message 8660", "data": {"value": 0.3112488299797539, "count": 80}}
{"timestamp": "2026-07-21T06:19:13.357595", "service": "auth", "level": "DEBUG", "message": "Sample log message 6214", "data": {"value": 0.22640064560274398, "count": 69}}
{"timestamp": "2026-07-21T06:19:14.222087", "service": "api", "level": "WARNING", "message": "Sample log message 9487", "data": {"value": 0.3938217829617776, "count": 100}}
{"timestamp": "2026-07-21T06:19:15.223432", "service": "database", "level": "ERROR", "message": "Sample log message 3953", "data": {"value": 0.23447933875836258, "count": 4}}
{"timestamp": "2026-07-21T06:19:16.224824", "service": "cache", "level": "ERROR", "message": "Sample log message 8200", "data": {"value": 0.3719731890035286, "count": 81}}
{"timestamp": "2026-07-21T06:19:17.226266", "service": "database", "level": "DEBUG", "message": "Sample log message 3839", "data": {"value": 0.6835067480440291, "count": 76}}
{"timestamp": "2026-07-21T06:19:18.227768", "service": "database", "level": "DEBUG", "message": "Sample log message 5367", "data": {"value": 0.9011390783737292, "count": 42}}
{"timestamp": "2026-07-21T06:19:19.229111", "service": "cache", "level": "WARNING", "message": "Sample log message 6040", "data": {"value": 0.36669316712190814, "count": 57}}
{"timestamp": "2026-07-21T06:19:20.230395", "service": "database", "level": "WARNING", "message": "Sample log message 3059", "data": {"value": 0.12215846248127482, "count": 95}}
{"timestamp": "2026-07-21T06:19:21.231818", "service": "database", "level": "ERROR", "message": "Sample log message 3954", "data": {"value": 0.5424496134615863, "count": 12}}
{"timestamp": "2026-07-21T06:19:22.233181", "service": "auth", "level": "ERROR", "message": "Sample log message 6158", "data": {"value": 0.11372522221789849, "count": 36}}
{"timestamp": "2026-07-21T06:19:23.234568", "service": "cache", "level": "DEBUG", "message": "Sample log message 1811", "data": {"value": 0.31628736757684117, "count": 83}}
{"timestamp": "2026-07-21T06:19:24.236059", "service": "cache", "level": "WARNING", "message": "Sample log message 1837", "data": {"value": 0.04359800988664775, "count": 14}}
{"timestamp": "2026-07-21T06:19:25.237482", "service": "cache", "level": "WARNING", "message": "Sample log message 7055", "data": {"value": 0.2377807024748403, "count": 26}}
{"timestamp": "2026-07-21T06:19:26.238842", "service": "auth", "level": "DEBUG", "message": "Sample log message 9170", "data": {"value": 0.5099495347412455, "count": 39}}
{"timestamp": "2026-07-21T06:19:27.240451", "service": "api", "level": "ERROR", "message": "Sample log message 4531", "data": {"value": 0.2968107835482624, "count": 10}}
{"timestamp": "2026-07-21T06:19:28.241980", "service": "web", "level": "WARNING", "message": "Sample log message 8469", "data": {"value": 0.007988309850557873, "count": 37}}
{"timestamp": "2026-07-21T06:19:29.243624", "service": "auth", "level": "INFO", "message": "Sample log message 2722", "data": {"value": 0.9113807842259563, "count": 35}}
{"timestamp": "2026-07-21T06:19:30.244984", "service": "web", "level": "INFO", "message": "Sample log message 2129", "data": {"value": 0.261672638021187, "count": 99}}
{"timestamp": "2026-07-21T06:19:31.246249", "service": "web", "level": "DEBUG", "message": "Sample log message 7892", "data": {"value": 0.48210541568215903, "count": 38}}
{"timestamp": "2026-07-21T06:19:32.248248", "service": "database", "level": "INFO", "message": "Sample log message 7736", "data": {"value": 0.274052937103458, "count": 78}}
{"timestamp": "2026-07-21T06:19:33.250239", "service": "cache", "level": "WARNING", "message": "Sample log message 2223", "data": {"value": 0.5719911538093929, "count": 55}}
{"timestamp": "2026-07-21T06:19:34.252673", "service": "cache", "level": "DEBUG", "message": "Sample log message 2786", "data": {"value": 0.615111306090129, "count": 27}}
{"timestamp": "2026-07-21T06:19:35.254066", "service": "database", "level": "WARNING", "message": "Sample log message 6361", "data": {"value": 0.8036938218996832, "count": 40}}
{"timestamp": "2026-07-21T06:19:36.255513", "service": "database", "level": "WARNING", "message": "Sample log message 1378", "data": {"value": 0.6910690344126086, "count": 62}}
{"timestamp": "2026-07-21T06:20:58.067750", "service": "database", "level": "ERROR", "message": "Sample log message 3459", "data": {"value": 0.008117145553518612, "count": 27}}
{"timestamp": "2026-07-21T06:20:59.070277", "service": "database", "level": "WARNING", "message": "Sample log message 3215", "data": {"value": 0.9057003634548476, "count": 54}}
{"timestamp": "2026-07-21T06:21:00.072030", "service": "web", "level": "ERROR", "message": "Sample log message 4376", "data": {"value": 0.42812013356170564, "count": 89}}
{"timestamp": "2026-07-21T06:21:01.074173", "service": "web", "level": "INFO", "message": "Sample log message 7965", "data": {"value": 0.16579043148024875, "count": 12}}
{"timestamp": "2026-07-21T06:21:02.076133", "service": "web", "level": "DEBUG", "message": "Sample log message 2137", "data": {"value": 0.3681052459365374, "count": 90}}
{"timestamp": "2026-07-21T06:21:03.077654", "service": "database", "level": "ERROR", "message": "Sample log message 4863", "data": {"value": 0.3871507001143514, "count": 72}}
{"timestamp": "2026-07-21T06:21:04.079430", "service": "cache", "level": "ERROR", "message": "Sample log message 2489", "data": {"value": 0.930022606121184, "count": 19}}
{"timestamp": "2026-07-21T06:21:05.080969", "service": "web", "level": "WARNING", "message": "Sample log message 3088", "data": {"value": 0.8146769711327262, "count": 1}}
{"timestamp": "2026-07-21T06:21:06.082470", "service": "web", "level": "DEBUG", "message": "Sample log message 4411", "data": {"value": 0.10931448777932751, "count": 63}}
{"timestamp": "2026-07-21T06:21:07.083845", "service": "api", "level": "WARNING", "message": "Sample log message 4336", "data": {"value": 0.6268460768013998, "count": 98}}
{"timestamp": "2026-07-21T06:21:08.086519", "service": "database", "level": "ERROR", "message": "Sample log message 3108", "data": {"value": 0.8290652010641008, "count": 83}}
{"timestamp": "2026-07-21T06:21:09.089336", "service": "web", "level": "DEBUG", "message": "Sample log message 8538", "data": {"value": 0.7757047510776512, "count": 27}}
{"timestamp": "2026-07-21T06:21:10.091172", "service": "database", "level": "ERROR", "message": "Sample log message 2202", "data": {"value": 0.7832098132421755, "count": 92}}
{"timestamp": "2026-07-21T06:21:11.091597", "service": "database", "level": "WARNING", "message": "Sample log message 4962", "data": {"value": 0.3667195809640953, "count": 28}}
{"timestamp": "2026-07-21T06:21:12.094015", "service": "api", "level": "WARNING", "message": "Sample log message 3725", "data": {"value": 0.7566904659913942, "count": 4}}
{"timestamp": "2026-07-21T06:21:13.095888", "service": "auth", "level": "INFO", "message": "Sample log message 6817", "data": {"value": 0.14729023867340585, "count": 21}}
{"timestamp": "2026-07-21T06:21:13.923116", "service": "auth", "level": "WARNING", "message": "Sample log message 3523", "data": {"value": 0.503174157859014, "count": 67}}
{"timestamp": "2026-07-21T06:21:14.923580", "service": "cache", "level": "WARNING", "message": "Sample log message 7037", "data": {"value": 0.6220884771812931, "count": 7}}
{"timestamp": "2026-07-21T06:21:15.924430", "service": "api", "level": "ERROR", "message": "Sample log message 2441", "data": {"value": 0.2703285254436365, "count": 11}}
{"timestamp": "2026-07-21T06:21:16.925891", "service": "database", "level": "ERROR", "message": "Sample log message 2396", "data": {"value": 0.39514915485711144, "count": 77}}
{"timestamp": "2026-07-21T06:21:17.927719", "service": "auth", "level": "INFO", "message": "Sample log message 9037", "data": {"value": 0.8448374573059363, "count": 81}}
{"timestamp": "2026-07-21T06:21:18.928918", "service": "database", "level": "INFO", "message": "Sample log message 8921", "data": {"value": 0.22155242036010536, "count": 18}}
{"timestamp": "2026-07-21T06:21:19.930037", "service": "auth", "level": "WARNING", "message": "Sample log message 7218", "data": {"value": 0.7441321169059663, "count": 27}}
{"timestamp": "2026-07-21T06:21:20.931345", "service": "api", "level": "DEBUG", "message": "Sample log message 9492", "data": {"value": 0.5217924680917796, "count": 21}}
{"timestamp": "2026-07-21T06:21:21.932765", "service": "api", "level": "ERROR", "message": "Sample log message 7775", "data": {"value": 0.41649756156536577, "count": 91}}
{"timestamp": "2026-07-21T06:21:22.934298", "service": "auth", "level": "ERROR", "message": "Sample log message 1521", "data": {"value": 0.5159398936779269, "count": 100}}
{"timestamp": "2026-07-21T06:21:23.936146", "service": "auth", "level": "ERROR", "message": "Sample log message 9119", "data": {"value": 0.9055638057977329, "count": 27}}
{"timestamp": "2026-07-21T06:21:24.937948", "service": "api", "level": "INFO", "message": "Sample log message 9373", "data": {"value": 0.22500132143177154, "count": 59}}
{"timestamp": "2026-07-21T06:21:25.939563", "service": "cache", "level": "ERROR", "message": "Sample log message 3468", "data": {"value": 0.9380493744669884, "count": 31}}
{"timestamp": "2026-07-21T06:21:26.941675", "service": "auth", "level": "ERROR", "message": "Sample log message 4368", "data": {"value": 0.6641459715549702, "count": 5}}
{"timestamp": "2026-07-21T06:21:27.943527", "service": "auth", "level": "ERROR", "message": "Sample log message 1456", "data": {"value": 0.9508331309732602, "count": 71}}
{"timestamp": "2026-07-21T06:21:28.945229", "service": "database", "level": "DEBUG", "message": "Sample log message 9038", "data": {"value": 0.5324796523680059, "count": 22}}
{"timestamp": "2026-07-21T06:21:29.946569", "service": "auth", "level": "INFO", "message": "Sample log message 6523", "data": {"value": 0.4408969110590881, "count": 68}}
{"timestamp": "2026-07-21T06:21:30.948721", "service": "api", "level": "ERROR", "message": "Sample log message 3765", "data": {"value": 0.7961400401905605, "count": 95}}
{"timestamp": "2026-07-21T06:21:31.950510", "service": "cache", "level": "WARNING", "message": "Sample log message 6275", "data": {"value": 0.6787237560104861, "count": 21}}
{"timestamp": "2026-07-21T06:21:32.952335", "service": "web", "level": "DEBUG", "message": "Sample log message 9578", "data": {"value": 0.22465620229004069, "count": 66}}
{"timestamp": "2026-07-21T06:21:33.953941", "service": "database", "level": "INFO", "message": "Sample log message 1550", "data": {"value": 0.992131430232853, "count": 38}}
{"timestamp": "2026-07-21T06:21:34.955767", "service": "auth", "level": "ERROR", "message": "Sample log message 4974", "data": {"value": 0.03517577677465766, "count": 27}}
{"timestamp": "2026-07-21T06:21:35.957504", "service": "cache", "level": "DEBUG", "message": "Sample log message 1794", "data": {"value": 0.5705974005529244, "count": 90}}
{"timestamp": "2026-07-21T06:21:36.959353", "service": "web", "level": "DEBUG", "message": "Sample log message 5818", "data": {"value": 0.9467319847424523, "count": 5}}
{"timestamp": "2026-07-21T06:21:37.961203", "service": "web", "level": "DEBUG", "message": "Sample log message 1012", "data": {"value": 0.005407247471647558, "count": 25}}
{"timestamp": "2026-07-21T06:21:38.962756", "service": "web", "level": "DEBUG", "message": "Sample log message 9422", "data": {"value": 0.8602267009932583, "count": 53}}
{"timestamp": "2026-07-21T06:21:39.964462", "service": "api", "level": "INFO", "message": "Sample log message 5048", "data": {"value": 0.4404631609637564, "count": 61}}
{"timestamp": "2026-07-21T06:21:40.965142", "service": "auth", "level": "ERROR", "message": "Sample log message 7050", "data": {"value": 0.9116555811367617, "count": 30}}
{"timestamp": "2026-07-21T06:21:41.966491", "service": "cache", "level": "WARNING", "message": "Sample log message 9874", "data": {"value": 0.4861091118670253, "count": 70}}
{"timestamp": "2026-07-21T06:21:42.968208", "service": "web", "level": "WARNING", "message": "Sample log message 8536", "data": {"value": 0.14067688919526455, "count": 46}}
{"timestamp": "2026-07-21T06:21:43.834781", "service": "web", "level": "DEBUG", "message": "Sample log message 2197", "data": {"value": 0.1574347994447708, "count": 90}}
{"timestamp": "2026-07-21T06:21:44.836106", "service": "cache", "level": "INFO", "message": "Sample log message 4161", "data": {"value": 0.3002249334745717, "count": 74}}
{"timestamp": "2026-07-21T06:21:45.836607", "service": "auth", "level": "WARNING", "message": "Sample log message 9261", "data": {"value": 0.28527263351153753, "count": 50}}
{"timestamp": "2026-07-21T06:21:46.837067", "service": "web", "level": "ERROR", "message": "Sample log message 6164", "data": {"value": 0.9468099093696669, "count": 87}}
{"timestamp": "2026-07-21T06:21:47.837584", "service": "auth", "level": "DEBUG", "message": "Sample log message 1148", "data": {"value": 0.36975892510660313, "count": 49}}
{"timestamp": "2026-07-21T06:21:48.839165", "service": "cache", "level": "INFO", "message": "Sample log message 2679", "data": {"value": 0.6387325600877652, "count": 68}}
{"timestamp": "2026-07-21T06:21:49.840204", "service": "cache", "level": "DEBUG", "message": "Sample log message 5121", "data": {"value": 0.27070468966368777, "count": 82}}
{"timestamp": "2026-07-21T06:21:50.841672", "service": "api", "level": "ERROR", "message": "Sample log message 4021", "data": {"value": 0.07835298377497601, "count": 61}}
{"timestamp": "2026-07-21T06:21:51.842968", "service": "web", "level": "WARNING", "message": "Sample log message 2835", "data": {"value": 0.7908948611481338, "count": 41}}
{"timestamp": "2026-07-21T06:21:52.844671", "service": "cache", "level": "INFO", "message": "Sample log message 1484", "data": {"value": 0.5251587630069668, "count": 24}}
{"timestamp": "2026-07-21T06:21:53.846539", "service": "cache", "level": "WARNING", "message": "Sample log message 4456", "data": {"value": 0.4582508130815405, "count": 97}}
{"timestamp": "2026-07-21T06:21:54.848358", "service": "web", "level": "INFO", "message": "Sample log message 6007", "data": {"value": 0.22348124545904113, "count": 62}}
{"timestamp": "2026-07-21T06:21:55.849655", "service": "cache", "level": "WARNING", "message": "Sample log message 9679", "data": {"value": 0.6961042795846947, "count": 3}}
{"timestamp": "2026-07-21T06:21:56.851227", "service": "cache", "level": "WARNING", "message": "Sample log message 3407", "data": {"value": 0.5676548837795382, "count": 90}}
{"timestamp": "2026-07-21T06:21:57.852751", "service": "api", "level": "INFO", "message": "Sample log message 9087", "data": {"value": 0.26011317366833775, "count": 23}}
{"timestamp": "2026-07-21T06:21:58.854230", "service": "database", "level": "WARNING", "message": "Sample log message 1911", "data": {"value": 0.08857657395213303, "count": 3}}
{"timestamp": "2026-07-21T06:21:59.855796", "service": "web", "level": "ERROR", "message": "Sample log message 7153", "data": {"value": 0.7562863205446128, "count": 60}}
{"timestamp": "2026-07-21T06:22:00.856701", "service": "cache", "level": "ERROR", "message": "Sample log message 4539", "data": {"value": 0.8036245510869505, "count": 67}}
